Archive member included       because of file (symbol)

/usr/local/openravenscar/lib/gcc-lib/sparc-ork-elf/2.8.1/adalib/libgnarl.a(a-reatim.o)
                              ./devicesfss_v1.o (ada__real_time__clock)
/usr/local/openravenscar/lib/gcc-lib/sparc-ork-elf/2.8.1/adalib/libgnarl.a(a-retide.o)
                              ./fss.o (ada__real_time__delays__delay_until)
/usr/local/openravenscar/lib/gcc-lib/sparc-ork-elf/2.8.1/adalib/libgnarl.a(s-taprob.o)
                              ./fss_interfaces.o (system__tasking__protected_objects__initialize_protection)
/usr/local/openravenscar/lib/gcc-lib/sparc-ork-elf/2.8.1/adalib/libgnarl.a(s-taprop.o)
                              /usr/local/openravenscar/lib/gcc-lib/sparc-ork-elf/2.8.1/adalib/libgnarl.a(a-retide.o) (system__task_primitives__operations__self)
/usr/local/openravenscar/lib/gcc-lib/sparc-ork-elf/2.8.1/adalib/libgnarl.a(s-tarest.o)
                              ./fss.o (system__tasking__restricted__stages__create_restricted_task)
/usr/local/openravenscar/lib/gcc-lib/sparc-ork-elf/2.8.1/adalib/libgnarl.a(s-tasdeb.o)
                              b~main.o (system__tasking__debug___elabs)
/usr/local/openravenscar/lib/gcc-lib/sparc-ork-elf/2.8.1/adalib/libgnarl.a(s-taskin.o)
                              /usr/local/openravenscar/lib/gcc-lib/sparc-ork-elf/2.8.1/adalib/libgnarl.a(s-tasdeb.o) (system__tasking__task_statesT)
/usr/local/openravenscar/lib/gcc-lib/sparc-ork-elf/2.8.1/adalib/libgnarl.a(s-taspri.o)
                              /usr/local/openravenscar/lib/gcc-lib/sparc-ork-elf/2.8.1/adalib/libgnarl.a(s-taskin.o) (system__task_primitives___init_proc)
/usr/local/openravenscar/lib/gcc-lib/sparc-ork-elf/2.8.1/adalib/libgnarl.a(kernel-interrupts.o)
                              b~main.o (kernel__interrupts___elabb)
/usr/local/openravenscar/lib/gcc-lib/sparc-ork-elf/2.8.1/adalib/libgnarl.a(kernel-threads.o)
                              b~main.o (kernel__threads___elabs)
/usr/local/openravenscar/lib/gcc-lib/sparc-ork-elf/2.8.1/adalib/libgnarl.a(kernel-threads-atcb.o)
                              /usr/local/openravenscar/lib/gcc-lib/sparc-ork-elf/2.8.1/adalib/libgnarl.a(s-taprop.o) (kernel__threads__atcb__set_atcb)
/usr/local/openravenscar/lib/gcc-lib/sparc-ork-elf/2.8.1/adalib/libgnarl.a(kernel-threads-queues.o)
                              /usr/local/openravenscar/lib/gcc-lib/sparc-ork-elf/2.8.1/adalib/libgnarl.a(s-taprop.o) (running_thread)
/usr/local/openravenscar/lib/gcc-lib/sparc-ork-elf/2.8.1/adalib/libgnarl.a(kernel-threads-protection.o)
                              /usr/local/openravenscar/lib/gcc-lib/sparc-ork-elf/2.8.1/adalib/libgnarl.a(kernel-threads.o) (kernel__threads__protection__dispatch)
/usr/local/openravenscar/lib/gcc-lib/sparc-ork-elf/2.8.1/adalib/libgnarl.a(kernel-time.o)
                              /usr/local/openravenscar/lib/gcc-lib/sparc-ork-elf/2.8.1/adalib/libgnarl.a(s-taprop.o) (kernel_clock)
/usr/local/openravenscar/lib/gcc-lib/sparc-ork-elf/2.8.1/adalib/libgnarl.a(kernel-memory.o)
                              /usr/local/openravenscar/sparc-ork-elf/lib/ada_crt0.o (environment_stack)
/usr/local/openravenscar/lib/gcc-lib/sparc-ork-elf/2.8.1/adalib/libgnarl.a(kernel-cpu_primitives.o)
                              /usr/local/openravenscar/lib/gcc-lib/sparc-ork-elf/2.8.1/adalib/libgnarl.a(kernel-threads-protection.o) (kernel__cpu_primitives__context_switch)
/usr/local/openravenscar/lib/gcc-lib/sparc-ork-elf/2.8.1/adalib/libgnarl.a(kernel-peripherals-registers.o)
                              b~main.o (kernel__peripherals__registers___elabs)
/usr/local/openravenscar/lib/gcc-lib/sparc-ork-elf/2.8.1/adalib/libgnarl.a(kernel-peripherals.o)
                              /usr/local/openravenscar/lib/gcc-lib/sparc-ork-elf/2.8.1/adalib/libgnarl.a(kernel-interrupts.o) (kernel__peripherals__to_vector)
/usr/local/openravenscar/lib/gcc-lib/sparc-ork-elf/2.8.1/adalib/libgnarl.a(kernel-serial_output.o)
                              ./devicesfss_v1.o (kernel__serial_output__put__2)
/usr/local/openravenscar/lib/gcc-lib/sparc-ork-elf/2.8.1/adalib/libgnarl.a(context.o)
                              /usr/local/openravenscar/sparc-ork-elf/lib/ada_crt0.o (context_trap)
/usr/local/openravenscar/lib/gcc-lib/sparc-ork-elf/2.8.1/adalib/libgnarl.a(install_handler.o)
                              /usr/local/openravenscar/sparc-ork-elf/lib/ada_crt0.o (FP_Save_Pending)
/usr/local/openravenscar/lib/gcc-lib/sparc-ork-elf/2.8.1/adalib/libgnarl.a(int_level.o)
                              /usr/local/openravenscar/lib/gcc-lib/sparc-ork-elf/2.8.1/adalib/libgnarl.a(kernel-threads-protection.o) (disable_interrupts)
/usr/local/openravenscar/lib/gcc-lib/sparc-ork-elf/2.8.1/adalib/libgnat.a(a-except.o)
                              b~main.o (ada__exceptions___elabs)
/usr/local/openravenscar/lib/gcc-lib/sparc-ork-elf/2.8.1/adalib/libgnat.a(a-filico.o)
                              b~main.o (ada__finalization__list_controller___elabs)
[...]
Memory Configuration

Name             Origin             Length             Attributes
rom              0x00000000         0x00200000         xr
ram              0x02000000         0x003f8000         xrw
*default*        0x00000000         0xffffffff

Linker script and memory map

                0x00200000                PROM_SIZE=0x200000
                0x00400000                RAM_SIZE=0x400000
                0x00000000                PROM_START=0x0
                0x00200000                PROM_END=(PROM_START+PROM_SIZE)
                0x02000000                RAM_START=0x2000000
                0x02400000                RAM_END=(RAM_START+RAM_SIZE)

.text           0x02000000    0x31880
 CREATE_OBJECT_SYMBOLS
                0x02000000                text_start=.
 *(.text)
 .text          0x02000000     0x1384 /usr/local/openravenscar/sparc-ork-elf/lib/ada_crt0.o
                0x020011bc                __exit
                0x02000000                trap_table
                0x02000000                start
                0x020011bc                _exit
 .text          0x02001384      0x25c b~main.o
                0x020015c8                ada_main___elabb
                0x02001384                adainit
                0x02001548                main
                0x0200152c                adafinal
 .text          0x020015e0       0x1c ./main.o
                0x020015e0                _ada_main
 .text          0x020015fc      0xd98 ./fss_interfaces.o
                0x02001c8c                fss_interfaces__speed_altitude_dataPT__updatealtitudeN
                0x020016b0                fss_interfaces__pitch_roll_dataPT__updateN
                0x02001640                fss_interfaces___init_proc__2
                0x02001f40                fss_interfaces__speed_altitude_dataPT__get_speedP
                0x020015fc                fss_interfaces___init_proc
                0x02001974                fss_interfaces__pitch_roll_dataPT__get_pitchP
                0x02002240                fss_interfaces__speed_altitude_dataPT__updatespeedP
                0x020017e8                fss_interfaces__pitch_roll_dataPT__get_rollP
                0x02001684                fss_interfaces___elabs
                0x020020cc                fss_interfaces__speed_altitude_dataPT__updatealtitudeP
                0x02001708                fss_interfaces__pitch_roll_dataPT__get_pitchN
                0x02001b00                fss_interfaces__pitch_roll_dataPT__updateP
                0x02001db4                fss_interfaces__speed_altitude_dataPT__get_altitudeP
                0x02001c44                fss_interfaces__speed_altitude_dataPT__updatespeedN
                0x02001d28                fss_interfaces__speed_altitude_dataPT__get_altitudeN
                0x0200237c                fss_interfaces___elabb
                0x0200175c                fss_interfaces__pitch_roll_dataPT__get_rollN
                0x02001cd4                fss_interfaces__speed_altitude_dataPT__get_speedN
 .text          0x02002394      0x118 ./testing_1.o
                0x02002394                testing_1___elabs
 .text          0x020024ac     0x4af4 ./devicesfss_v1.o
                0x02004170                devicesfss_v1___init_proc__6
                0x02005554                devicesfss_v1___init_proc__9
                0x02002ae0                devicesfss_v1__read_light_intensity
                0x02006394                devicesfss_v1__display_altitude
                0x020041c4                devicesfss_v1__read_pilotbutton
                0x02006b78                devicesfss_v1__display_cronometro
                0x020035fc                devicesfss_v1___init_proc__4
                0x02006768                devicesfss_v1__display_joystick
                0x02005f84                devicesfss_v1__light_1
                0x02004df4                devicesfss_v1__read_altitude
                0x020064ac                devicesfss_v1__display_distance
                0x02005594                devicesfss_v1__read_pitch
                0x02003054                devicesfss_v1___init_proc__3
                0x02004dac                devicesfss_v1___init_proc__8
                0x02006a1c                devicesfss_v1__display_message
                0x0200250c                devicesfss_v1__read_distance
                0x02006650                devicesfss_v1__display_light_intensity
                0x020066dc                devicesfss_v1__display_pilot_power
                0x0200365c                devicesfss_v1__read_power
                0x02004750                devicesfss_v1__read_speed
                0x020065c4                devicesfss_v1__display_roll
                0x02006934                devicesfss_v1__display_pilot_button
                0x02005b8c                devicesfss_v1__read_roll
                0x02006afc                devicesfss_v1__display_clear
                0x02006ee8                devicesfss_v1___elabb
                0x02004710                devicesfss_v1___init_proc__7
                0x02002a80                devicesfss_v1___init_proc__2
                0x02006034                devicesfss_v1__light_2
                0x02003c24                devicesfss_v1__read_pilotpresence
                0x020055bc                devicesfss_v1__set_aircraft_pitch
                0x02006420                devicesfss_v1__display_speed
                0x02005bb4                devicesfss_v1__set_aircraft_roll
                0x020030b4                devicesfss_v1__read_joystick
                0x02006114                devicesfss_v1__alarm
                0x0200684c                devicesfss_v1__display_pilot_presence
                0x02004778                devicesfss_v1__set_speed
                0x02006538                devicesfss_v1__display_pitch
                0x02003bd0                devicesfss_v1___init_proc__5
                0x02005b4c                devicesfss_v1___init_proc__10
                0x020024ac                devicesfss_v1___init_proc
 .text          0x02006fa0     0x104c ./fss.o
                0x02007ca4                fss___init_proc
                0x02007c48                fss__background
                0x02007f44                fss___elabb
 .text          0x02007fec      0x9a8 ./workload.o
                0x02007fec                workload___elabs
                0x020083ec                workload__small_whetstone
                0x0200897c                workload___elabb
 .text          0x02008994      0xd08 ./tools.o
                0x0200966c                tools___elabb
                0x020095f8                tools__execution_time
                0x02009550                tools__finish_activity
                0x02009400                tools__print_a_string
                0x02008c80                tools__print_chrono
                0x020094a8                tools__start_activity
                0x02008994                tools___elabs
                0x020090a8                tools__print_an_integer
                0x02009260                tools__print_a_float
                0x020089e0                tools__current_time
 .text          0x0200969c      0x5e4 /usr/local/openravenscar/lib/gcc-lib/sparc-ork-elf/2.8.1/adalib/libgnarl.a(a-reatim.o)
                0x020096c8                ada__real_time__Oadd__2
                0x0200989c                ada__real_time__split
                0x020096b8                ada__real_time__Oadd
                0x02009718                ada__real_time__Osubtract__4
                0x0200981c                ada__real_time__nanoseconds
                0x02009788                ada__real_time__Odivide__2
                0x02009744                ada__real_time__Odivide
                0x020096f8                ada__real_time__Osubtract__2
                0x0200980c                ada__real_time__to_duration
                0x02009bb4                ada__real_time__time_of
                0x020096d8                ada__real_time__Oadd__3
                0x0200986c                ada__real_time__milliseconds
                0x0200969c                ada__real_time__clock
                0x02009840                ada__real_time__microseconds
                0x020096e8                ada__real_time__Osubtract
                0x02009708                ada__real_time__Osubtract__3
                0x02009814                ada__real_time__to_time_span
                0x020097e0                ada__real_time__Omultiply__2
                0x020097b4                ada__real_time__Omultiply
 .text          0x02009c80       0x68 /usr/local/openravenscar/lib/gcc-lib/sparc-ork-elf/2.8.1/adalib/libgnarl.a(a-retide.o)
                0x02009cc4                ada__real_time__delays__to_duration
                0x02009c80                ada__real_time__delays__delay_until
 .text          0x02009ce8      0x10c /usr/local/openravenscar/lib/gcc-lib/sparc-ork-elf/2.8.1/adalib/libgnarl.a(s-taprob.o)
                0x02009dd4                system__tasking__protected_objects___init_proc
                0x02009da4                system__tasking__protected_objects__unlock
                0x02009d14                system__tasking__protected_objects__lock
                0x02009de0                system__tasking__protected_objects___init_proc__2
                0x02009ce8                system__tasking__protected_objects__initialize_protection
                0x02009d5c                system__tasking__protected_objects__lock_read_only
                0x02009dbc                system__tasking__protected_objects__finalize_protection
 .text          0x02009df4      0x978 /usr/local/openravenscar/lib/gcc-lib/sparc-ork-elf/2.8.1/adalib/libgnarl.a(s-taprop.o)
                0x0200a074                system__task_primitives__operations__get_priority
                0x02009eec                system__task_primitives__operations__unlock__2
                0x0200a24c                system__task_primitives__operations__check_no_locks
                0x02009e70                system__task_primitives__operations__write_lock
                0x0200a2ac                system__task_primitives__operations__resume_task
                0x0200a32c                system__task_primitives__operations___elabb
                0x02009fb8                system__task_primitives__operations__clock
                0x02009e8c                system__task_primitives__operations__write_lock__2
                0x02009e2c                system__task_primitives__operations__get_thread_id
                0x02009f40                system__task_primitives__operations__timed_delay
                0x0200a054                system__task_primitives__operations__set_priority
                0x02009f1c                system__task_primitives__operations__timed_sleep
                0x02009e10                system__task_primitives__operations__self
                0x02009f04                system__task_primitives__operations__sleep
                0x0200a230                system__task_primitives__operations__set_exit_task_procedure
                0x02009ed8                system__task_primitives__operations__unlock
                0x0200a264                system__task_primitives__operations__environment_task
                0x02009e38                system__task_primitives__operations__initialize_lock
                0x0200a560                system__task_primitives__operations___init_proc
                0x0200a214                system__task_primitives__operations__exit_task
                0x02009fdc                system__task_primitives__operations__wakeup
                0x02009df4                system__task_primitives__operations__set
                0x0200a23c                system__task_primitives__operations__abort_task
                0x0200a270                system__task_primitives__operations__lock_all_tasks_list
                0x02009ea4                system__task_primitives__operations__write_lock__3
                0x0200a204                system__task_primitives__operations__finalize_tcb
                0x0200a0f0                system__task_primitives__operations__new_atcb
                0x0200a2a4                system__task_primitives__operations__suspend_task
                0x02009ff0                system__task_primitives__operations__yield
                0x0200a28c                system__task_primitives__operations__unlock_all_tasks_list
                0x0200a2b4                system__task_primitives__operations__initialize
                0x0200a244                system__task_primitives__operations__check_exit
                0x0200a168                system__task_primitives__operations__initialize_tcb
                0x02009e24                system__task_primitives__operations__stack_guard
                0x02009e68                system__task_primitives__operations__finalize_lock
                0x0200a20c                system__task_primitives__operations__default_exit_task_procedure
                0x0200a1a4                system__task_primitives__operations__create_task
                0x02009e50                system__task_primitives__operations__initialize_lock__2
                0x02009ebc                system__task_primitives__operations__read_lock
                0x0200a08c                system__task_primitives__operations__enter_task
 .text          0x0200a76c      0x924 /usr/local/openravenscar/lib/gcc-lib/sparc-ork-elf/2.8.1/adalib/libgnarl.a(s-tarest.o)
                0x0200a9e0                system__tasking__restricted__stages__create_restricted_task
                0x0200aee0                system__tasking__restricted__stages__restricted_terminated
                0x0200abf0                system__tasking__restricted__stages__activate_restricted_tasks
                0x0200adb0                system__tasking__restricted__stages__complete_restricted_activation
                0x0200aef4                system__tasking__restricted__stages__finalize_global_tasks
                0x0200af48                system__tasking__restricted__stages___elabb
                0x0200ae80                system__tasking__restricted__stages__complete_restricted_task
 .text          0x0200b090      0xf44 /usr/local/openravenscar/lib/gcc-lib/sparc-ork-elf/2.8.1/adalib/libgnarl.a(s-tasdeb.o)
                0x0200bd08                system__tasking__debug__image
                0x0200bfac                system__tasking__debug___init_proc__2
                0x0200b9e4                system__tasking__debug__print_current_task
                0x0200bc58                system__tasking__debug__trace__2
                0x0200b090                system__tasking__debug___elabs
                0x0200ba00                system__tasking__debug__list_tasks
                0x0200beb0                system__tasking__debug__resume_all_tasks
                0x0200b108                system__tasking__debug__set_user_state
                0x0200b830                system__tasking__debug__print_task_info_header
                0x0200bf6c                system__tasking__debug___init_proc
                0x0200b0f4                system__tasking__debug__self
                0x0200bee8                system__tasking__debug___elabb
                0x0200ba40                system__tasking__debug__print_accept_info
                0x0200bcf4                system__tasking__debug__set_trace
                0x0200bb04                system__tasking__debug__trace
                0x0200bc8c                system__tasking__debug__trace__3
                0x0200bcc0                system__tasking__debug__trace__4
                0x0200b3f0                system__tasking__debug__print_task_info
                0x0200b0ec                system__tasking__debug__task_termination_hook
                0x0200b0e4                system__tasking__debug__task_creation_hook
                0x0200be78                system__tasking__debug__suspend_all_tasks
 .text          0x0200bfd4      0x75c /usr/local/openravenscar/lib/gcc-lib/sparc-ork-elf/2.8.1/adalib/libgnarl.a(s-taskin.o)
                0x0200c3e8                system__tasking___init_proc__3
                0x0200c690                system__tasking___init_proc__8
                0x0200c650                system__tasking___init_proc__7
                0x0200bfd4                system__tasking__self
                0x0200c3b0                system__tasking___init_proc__2
                0x0200c110                system__tasking___elabb
                0x0200c464                system__tasking___init_proc__4
                0x0200c69c                system__tasking___init_proc__9
                0x0200c35c                system__tasking___init_proc
                0x0200c4b8                system__tasking___init_proc__6
                0x0200bfe8                system__tasking__initialize_atcb
                0x0200c470                system__tasking___init_proc__5
 .text          0x0200c730       0x14 /usr/local/openravenscar/lib/gcc-lib/sparc-ork-elf/2.8.1/adalib/libgnarl.a(s-taspri.o)
                0x0200c730                system__task_primitives___init_proc
 .text          0x0200c744      0x1f0 /usr/local/openravenscar/lib/gcc-lib/sparc-ork-elf/2.8.1/adalib/libgnarl.a(kernel-interrupts.o)
                0x0200c80c                kernel_detach_interrupt_handler
                0x0200c854                kernel__interrupts___elabb
                0x0200c744                kernel__interrupts__null_handler
                0x0200c74c                kernel__interrupts__wrapper
                0x0200c834                kernel_current_interrupt_handler
                0x0200c7ac                kernel_attach_interrupt_handler
                0x0200c8d8                kernel__interrupts___init_proc__2
                0x0200c8c0                kernel__interrupts___init_proc
 .text          0x0200c934      0x5dc /usr/local/openravenscar/lib/gcc-lib/sparc-ork-elf/2.8.1/adalib/libgnarl.a(kernel-threads.o)
                0x0200c934                kernel__threads___elabs
                0x0200ced4                kernel__threads___init_proc__3
                0x0200cba4                kernel_yield
                0x0200cca4                kernel_check_no_mutexes
                0x0200ccb4                kernel_condition_init
                0x0200cb04                kernel__threads__set_active_priority
                0x0200cab8                kernel_set_priority
                0x0200cd78                kernel_condition_signal
                0x0200cdd8                kernel_thread_create
                0x0200c9c0                kernel__threads__default_dummy_task_function
                0x0200cea0                kernel_thread_self
                0x0200c970                kernel__threads__thread_caller
                0x0200ccbc                kernel_condition_wait
                0x0200c9d0                kernel_initialize
                0x0200cc44                kernel_mutex_unlock
                0x0200cbec                kernel_mutex_lock
                0x0200cbe0                kernel_mutex_init
                0x0200ceb0                kernel__threads___elabb
                0x0200cec0                kernel__threads___init_proc
                0x0200cecc                kernel__threads___init_proc__2
                0x0200cb88                kernel_get_priority
 .text          0x0200cf10       0x28 /usr/local/openravenscar/lib/gcc-lib/sparc-ork-elf/2.8.1/adalib/libgnarl.a(kernel-threads-atcb.o)
                0x0200cf28                kernel__threads__atcb___elabb
                0x0200cf18                kernel__threads__atcb__thread_self_atcb
                0x0200cf10                kernel__threads__atcb__set_atcb
 .text          0x0200cf38      0x478 /usr/local/openravenscar/lib/gcc-lib/sparc-ork-elf/2.8.1/adalib/libgnarl.a(kernel-threads-queues.o)
                0x0200d150                kernel__threads__queues__insert_alarm
                0x0200cff4                kernel__threads__queues__insert_at_tail
                0x0200cf50                kernel__threads__queues__insert_at_head
                0x0200d21c                kernel__threads__queues__extract_first_alarm
                0x0200d104                kernel__threads__queues__get_new_thread_descriptor
                0x0200d320                kernel__threads__queues___init_proc
                0x0200d098                kernel__threads__queues__extract_from_ready
                0x0200d248                kernel__threads__queues__get_next_alarm_time
                0x0200d27c                kernel__threads__queues___elabb
                0x0200d0e0                kernel__threads__queues__next_running
                0x0200cf44                kernel__threads__queues__environment_thread_id
                0x0200cf38                kernel__threads__queues__dummy_thread_id
 .text          0x0200d3b0      0x108 /usr/local/openravenscar/lib/gcc-lib/sparc-ork-elf/2.8.1/adalib/libgnarl.a(kernel-threads-protection.o)
                0x0200d3d4                kernel__threads__protection__leave_kernel
                0x0200d3b0                kernel__threads__protection__dispatch
                0x0200d4a8                kernel__threads__protection___elabb
                0x0200d3c0                kernel__threads__protection__enter_kernel
 .text          0x0200d4b8      0x3c4 /usr/local/openravenscar/lib/gcc-lib/sparc-ork-elf/2.8.1/adalib/libgnarl.a(kernel-time.o)
                0x0200d570                kernel_delay_until
                0x0200d4b8                kernel_clock
                0x0200d83c                kernel__time___elabb
 .text          0x0200d87c       0x9c /usr/local/openravenscar/lib/gcc-lib/sparc-ork-elf/2.8.1/adalib/libgnarl.a(kernel-memory.o)
                0x0200d8d8                kernel__memory___elabb
                0x0200d884                kernel_new_stack
                0x0200d87c                kernel_new_memory_region
 .text          0x0200d918       0x88 /usr/local/openravenscar/lib/gcc-lib/sparc-ork-elf/2.8.1/adalib/libgnarl.a(kernel-cpu_primitives.o)
                0x0200d918                kernel__cpu_primitives__context_switch
                0x0200d924                kernel__cpu_primitives__initialize_context
                0x0200d990                kernel__cpu_primitives___elabb
 .text          0x0200d9a0       0x44 /usr/local/openravenscar/lib/gcc-lib/sparc-ork-elf/2.8.1/adalib/libgnarl.a(kernel-peripherals-registers.o)
                0x0200d9a0                kernel__peripherals__registers___elabs
 .text          0x0200d9e4      0x6ac /usr/local/openravenscar/lib/gcc-lib/sparc-ork-elf/2.8.1/adalib/libgnarl.a(kernel-peripherals.o)
                0x0200d9f4                kernel__peripherals__stop_watch_dog
                0x0200d9e4                kernel__peripherals__to_vector
                0x0200da10                kernel__peripherals__init_clock
                0x0200dfdc                kernel__peripherals___elabb
                0x0200daf4                kernel__peripherals__cancel_and_set_alarm
                0x0200dad0                kernel__peripherals__init_board
                0x0200db08                kernel__peripherals__set_alarm
                0x0200dc7c                kernel__peripherals__read_clock
                0x0200dcec                kernel__peripherals__clear_alarm_interrupt
                0x0200df1c                kernel__peripherals__uart_send
                0x0200dcf4                kernel__peripherals__clear_clock_interrupt
                0x0200de30                kernel__peripherals__init_uart
                0x0200da08                kernel__peripherals__memory_configuration
                0x0200dcfc                kernel__peripherals__protect_segment
                0x0200d9ec                kernel__peripherals__priority_of_interrupt
 .text          0x0200e090       0xe4 /usr/local/openravenscar/lib/gcc-lib/sparc-ork-elf/2.8.1/adalib/libgnarl.a(kernel-serial_output.o)
                0x0200e0e8                kernel_new_line
                0x0200e0fc                kernel_put_line_c
                0x0200e0a8                kernel__serial_output__put__2
                0x0200e090                kernel_put_c
                0x0200e118                kernel__serial_output__put_line__2
                0x0200e148                kernel__serial_output___elabb
 .text          0x0200e174      0x2dc /usr/local/openravenscar/lib/gcc-lib/sparc-ork-elf/2.8.1/adalib/libgnarl.a(context.o)
                0x0200e448                exit_from_context_switch
                0x0200e174                context_switch
                0x0200e180                context_trap
 .text          0x0200e450      0x60c /usr/local/openravenscar/lib/gcc-lib/sparc-ork-elf/2.8.1/adalib/libgnarl.a(install_handler.o)
                0x0200e508                set_next_running
                0x0200e450                enable_traps
                0x0200e4b4                install_trap_handler
                0x0200e464                install_int_handler
 .text          0x0200ea5c       0x34 /usr/local/openravenscar/lib/gcc-lib/sparc-ork-elf/2.8.1/adalib/libgnarl.a(int_level.o)
                0x0200ea5c                disable_interrupts
                0x0200ea74                enable_interrupts
 .text          0x0200ea90     0x25c0 /usr/local/openravenscar/lib/gcc-lib/sparc-ork-elf/2.8.1/adalib/libgnat.a(a-except.o)
                0x020102f8                ada__exceptions__sdp_table_sort_move
                0x02010458                ada__exceptions__string_to_eid
                0x0200fb14                __gnat_raise_nodefer_with_msg
                0x0200ecc0                ada__exceptions__current_target_exception
                0x0200fc8c                ada__exceptions__raise_from_signal_handler
                0x0200eb10                ada__exceptions__address_image
                0x0200ff10                ada__exceptions__save_occurrence
                0x02010af4                __gnat_notify_exception
                0x0200f7d4                ada__exceptions__propagate_exception
                0x0200f648                ada__exceptions__exception_name_simple
                0x0200fe64                __gnat_reraise
                0x0200fbf4                __gnat_raise_exception
                0x0200ea90                ada__exceptions___elabs
                0x0200ec18                __gnat_break_start
                0x0200ec04                ada__exceptions__allocate_machine_state
                0x0200ece4                ada__exceptions__deallocate_machine_state
                0x0200ef98                ada__exceptions__exception_information
                0x0200fdc4                __gnat_raise_storage_error
                0x0200ed54                ada__exceptions__eo_to_string
                0x0201025c                ada__exceptions__sdp_table_sort_lt
                0x02010f68                ada__exceptions__raise_exception_no_defer
                0x0200f554                ada__exceptions__exception_name__2
                0x02011010                ada__exceptions__zzz
                0x0200eb00                ada__exceptions__poll
                0x0200fde4                ada__exceptions__raise_with_c_msg
                0x02010b88                ada__exceptions__unhandled_exception_terminate
                0x0200ecf8                ada__exceptions__eid_to_string
                0x0200ffa4                ada__exceptions__save_occurrence__2
                0x0200fd50                ada__exceptions__raise_with_location
                0x0200fd28                ada__exceptions__raise_no_msg
                0x0200f490                ada__exceptions__exception_message
                0x02010328                ada__exceptions__set_exception_c_msg
                0x02010580                ada__exceptions__string_to_eo
                0x0200fd84                __gnat_raise_constraint_error
                0x0200fe9c                ada__exceptions__reraise_occurrence
                0x02011018                ada__exceptions___elabb
                0x02011040                ada__exceptions___init_proc
                0x0200f618                ada__exceptions__exception_name
                0x0200eb08                ada__exceptions__aaa
                0x0200fee4                ada__exceptions__reraise_occurrence_no_defer
                0x0200edb4                ada__exceptions__exception_identity
                0x0200ffd0                __gnat_SDP_Table_Build
                0x02010aec                __gnat_unhandled_exception
                0x0200ec20                ada__exceptions__call_chain
                0x0200fe18                __gnat_raise_with_msg
                0x0200fda4                __gnat_raise_program_error
 .text          0x02011050      0x2ec /usr/local/openravenscar/lib/gcc-lib/sparc-ork-elf/2.8.1/adalib/libgnat.a(a-filico.o)
                0x0201109c                ada__finalization__list_controller___deep_finalize__2
                0x02011308                ada__finalization__list_controller___init_proc__2
                0x020112cc                ada__finalization__list_controller__finalize
                0x0201108c                ada__finalization__list_controller___size__2
                0x020112e4                ada__finalization__list_controller___init_proc
                0x02011298                ada__finalization__list_controller__finalize__2
                0x020110c8                ada__finalization__list_controller___elabs
                0x02011050                ada__finalization__list_controller___size
                0x02011280                ada__finalization__list_controller__initialize__2
                0x02011060                ada__finalization__list_controller___deep_finalize
 .text          0x0201133c      0x560 /usr/local/openravenscar/lib/gcc-lib/sparc-ork-elf/2.8.1/adalib/libgnat.a(a-finali.o)
                0x0201159c                ada__finalization___size__4
                0x0201181c                ada__finalization__initialize
                0x02011834                ada__finalization__Oeq__2
                0x0201185c                ada__finalization___init_proc
                0x02011364                ada__finalization___write__3
                0x02011854                ada__finalization__finalize__2
                0x0201133c                ada__finalization___size__3
                0x0201134c                ada__finalization___read__3
                0x02011824                ada__finalization__adjust
                0x0201187c                ada__finalization___init_proc__2
                0x020115d8                ada__finalization___elabs
                0x0201182c                ada__finalization__finalize
                0x02011548                ada__finalization___deep_adjust
                0x0201184c                ada__finalization__initialize__2
                0x0201137c                ada__finalization___assign__3
                0x02011570                ada__finalization___deep_finalize
                0x020115ac                ada__finalization___deep_finalize__2
 .text          0x0201189c       0x6c /usr/local/openravenscar/lib/gcc-lib/sparc-ork-elf/2.8.1/adalib/libgnat.a(a-ioexce.o)
                0x0201189c                ada__io_exceptions___elabs
 .text          0x02011908     0x1e98 /usr/local/openravenscar/lib/gcc-lib/sparc-ork-elf/2.8.1/adalib/libgnat.a(a-nuelfu.o)
                0x020133c4                ada__numerics__elementary_functions__sinh
                0x0201224c                ada__numerics__elementary_functions__arcsin
                0x02012034                ada__numerics__elementary_functions__arccosh
                0x02012478                ada__numerics__elementary_functions__arcsinh
                0x02011908                ada__numerics__elementary_functions__Oexpon
                0x02012148                ada__numerics__elementary_functions__arccoth
                0x0201212c                ada__numerics__elementary_functions__arccot__2
                0x02012320                ada__numerics__elementary_functions__arcsin__2
                0x020126a8                ada__numerics__elementary_functions__arctan__2
                0x02011ec8                ada__numerics__elementary_functions__arccos__2
                0x020129a8                ada__numerics__elementary_functions__cos
                0x020134d0                ada__numerics__elementary_functions__sqrt
                0x020135dc                ada__numerics__elementary_functions__tan__2
                0x020132c8                ada__numerics__elementary_functions__sin__2
                0x02013158                ada__numerics__elementary_functions__log__2
                0x02012bac                ada__numerics__elementary_functions__cot__2
                0x0201370c                ada__numerics__elementary_functions__tanh
                0x02012d14                ada__numerics__elementary_functions__coth
                0x0201309c                ada__numerics__elementary_functions__log
                0x02012a58                ada__numerics__elementary_functions__cosh
                0x02012114                ada__numerics__elementary_functions__arccot
                0x02012598                ada__numerics__elementary_functions__arctan
                0x02013280                ada__numerics__elementary_functions__sin
                0x02011dc8                ada__numerics__elementary_functions__arccos
                0x02012a14                ada__numerics__elementary_functions__cos__2
                0x02013554                ada__numerics__elementary_functions__tan
                0x02012e08                ada__numerics__elementary_functions__exp
                0x02012b04                ada__numerics__elementary_functions__cot
                0x0201281c                ada__numerics__elementary_functions__arctanh
 .text          0x020137a0       0x18 /usr/local/openravenscar/lib/gcc-lib/sparc-ork-elf/2.8.1/adalib/libgnat.a(a-numeri.o)
                0x020137a0                ada__numerics___elabs
 .text          0x020137b8       0xc0 /usr/local/openravenscar/lib/gcc-lib/sparc-ork-elf/2.8.1/adalib/libgnat.a(a-stream.o)
                0x020137d0                ada__streams___elabs
                0x020137c8                ada__streams___deep_finalize
                0x020137b8                ada__streams___size
                0x02013868                ada__streams___init_proc
 .text          0x02013878      0x934 /usr/local/openravenscar/lib/gcc-lib/sparc-ork-elf/2.8.1/adalib/libgnat.a(a-tags.o)
                0x02013ee0                ada__tags__length
                0x0201414c                ada__tags___init_proc
                0x020139ec                ada__tags__external_tag_htable__removeXn
                0x02014004                ada__tags__get_rc_offset
                0x02014120                ada__tags__set_remotely_callable
                0x020140e8                ada__tags__set_prim_op_address
                0x020140c8                ada__tags__register_tag
                0x02014068                ada__tags__inherit_tsd
                0x02013878                ada__tags___elabs
                0x02013fe0                ada__tags__get_expanded_name
                0x020140fc                ada__tags__set_expanded_name
                0x02014010                ada__tags__get_remotely_callable
                0x02013c08                ada__tags__expanded_name
                0x02013890                ada__tags__external_tag_htable__getXn
                0x02013ff8                ada__tags__get_inheritance_depth
                0x02014028                ada__tags__get_tsd
                0x02013ae4                ada__tags__external_tag_htable__setXn
                0x02013fa0                ada__tags__cw_membership
                0x02014030                ada__tags__inherit_dt
                0x02013938                ada__tags__external_tag_htable__get_nextXn
                0x02013d10                ada__tags__get_external_tag
                0x02013d34                ada__tags__internal_tag
                0x02014154                ada__tags___init_proc__2
                0x02013f3c                ada__tags___elabb
                0x020140f4                ada__tags__set_tsd
                0x02014108                ada__tags__set_external_tag
                0x02013b58                ada__tags__get_ht_link
                0x02013f14                ada__tags__parent_size
                0x02013b20                ada__tags__equal
                0x02013904                ada__tags__external_tag_htable__get_firstXn
                0x020140dc                ada__tags__set_inheritance_depth
                0x02013c8c                ada__tags__external_tag
                0x02013974                ada__tags__external_tag_htable__get_non_nullXn
                0x02013fec                ada__tags__get_prim_op_address
                0x02014114                ada__tags__set_rc_offset
                0x02013bc4                ada__tags__hash
                0x02013aa4                ada__tags__external_tag_htable__resetXn
                0x02013bfc                ada__tags__set_ht_link
                0x02014160                ada__tags__external_tag_htable___init_procXn
 .text          0x020141ac      0x25c /usr/local/openravenscar/lib/gcc-lib/sparc-ork-elf/2.8.1/adalib/libgnat.a(g-except.o)
                0x020142f8                gnat__exceptions___deep_finalize
                0x020141c4                gnat__exceptions___write
                0x02014200                gnat__exceptions___output
                0x02014220                gnat__exceptions___assign
                0x020141cc                gnat__exceptions___input
                0x02014300                gnat__exceptions___elabs
                0x020141bc                gnat__exceptions___read
                0x020141ac                gnat__exceptions___size
                0x020143f8                gnat__exceptions___init_proc
                0x02014218                gnat__exceptions__Oeq
                0x020142f0                gnat__exceptions___deep_adjust
 .text          0x02014408      0x174 /usr/local/openravenscar/lib/gcc-lib/sparc-ork-elf/2.8.1/adalib/libgnat.a(g-hesora.o)
                0x020144d8                gnat__heap_sort_a__sort
 .text          0x0201457c      0xc6c /usr/local/openravenscar/lib/gcc-lib/sparc-ork-elf/2.8.1/adalib/libgnat.a(i-c.o)
                0x02014e8c                interfaces__c__to_c__4
                0x020149cc                interfaces__c__to_ada__6
                0x020145e0                interfaces__c__is_nul_terminated__2
                0x02014630                interfaces__c__to_ada
                0x02014638                interfaces__c__to_ada__2
                0x02014af4                interfaces__c__to_c
                0x02014594                interfaces__c__is_nul_terminated
                0x02015040                interfaces__c__to_c__6
                0x0201476c                interfaces__c__to_ada__3
                0x0201457c                interfaces__c___elabs
                0x02014cf4                interfaces__c__to_c__3
                0x0201488c                interfaces__c__to_ada__5
                0x02014e94                interfaces__c__to_c__5
                0x02014afc                interfaces__c__to_c__2
                0x02014884                interfaces__c__to_ada__4
 .text          0x020151e8     0x13b4 /usr/local/openravenscar/lib/gcc-lib/sparc-ork-elf/2.8.1/adalib/libgnat.a(s-arit64.o)
                0x02015324                system__arith_64__hi
                0x020158cc                system__arith_64__scaled_divide
                0x0201589c                system__arith_64__raise_error
                0x0201529c                system__arith_64__Odivide
                0x02015210                system__arith_64__Oadd__2
                0x020164c8                system__arith_64__subtract_with_ovflo_check
                0x02015240                system__arith_64__Omultiply
                0x02015334                system__arith_64__lo
                0x02015270                system__arith_64__Omultiply__2
                0x020153a8                system__arith_64__double_divide
                0x02015698                system__arith_64__multiply_with_ovflo_check
                0x0201657c                system__arith_64__to_pos_int
                0x020151e8                system__arith_64__Oadd
                0x020152f4                system__arith_64__Oconcat
                0x02016544                system__arith_64__to_neg_int
                0x020152c8                system__arith_64__Orem
                0x0201533c                system__arith_64__add_with_ovflo_check
                0x02015228                system__arith_64__Osubtract
 .text          0x0201659c      0x16c /usr/local/openravenscar/lib/gcc-lib/sparc-ork-elf/2.8.1/adalib/libgnat.a(s-except.o)
                0x020165c0                system__exceptions___init_proc
                0x0201659c                system__exceptions___elabs
                0x02016668                system__exceptions___init_proc__4
                0x02016608                system__exceptions___init_proc__3
                0x020166a8                system__exceptions___init_proc__5
                0x020165c8                system__exceptions___init_proc__2
 .text          0x02016708      0x54c /usr/local/openravenscar/lib/gcc-lib/sparc-ork-elf/2.8.1/adalib/libgnat.a(s-exctab.o)
                0x02016a1c                system__exception_table__get_key
                0x020167b0                system__exception_table__exception_htable__get_nextXn
                0x020169e4                system__exception_table__equal
                0x0201695c                system__exception_table__exception_htable__setXn
                0x02016c08                system__exception_table__exception_htable___init_procXn
                0x02016708                system__exception_table__exception_htable__getXn
                0x020169a0                system__exception_table__get_ht_link
                0x0201691c                system__exception_table__exception_htable__resetXn
                0x02016998                system__exception_table__set_ht_link
                0x02016a24                system__exception_table__internal_exception
                0x020167ec                system__exception_table__exception_htable__get_non_nullXn
                0x020169a8                system__exception_table__hash
                0x0201677c                system__exception_table__exception_htable__get_firstXn
                0x02016b58                system__exception_table___elabb
                0x02016b44                system__exception_table__register_exception
                0x02016864                system__exception_table__exception_htable__removeXn
 .text          0x02016c54      0x1c4 /usr/local/openravenscar/lib/gcc-lib/sparc-ork-elf/2.8.1/adalib/libgnat.a(s-exnflt.o)
                0x02016c54                system__exn_flt__exn_float
 .text          0x02016e18      0xb2c /usr/local/openravenscar/lib/gcc-lib/sparc-ork-elf/2.8.1/adalib/libgnat.a(s-fatflt.o)
                0x020177cc                system__fat_flt__fat_float__truncation
                0x02016f5c                system__fat_flt__fat_float__decompose
                0x020172f0                system__fat_flt__fat_float__model
                0x020171f8                system__fat_flt__fat_float__floor
                0x02017304                system__fat_flt__fat_float__pred
                0x020175cc                system__fat_flt__fat_float__scaling
                0x02017280                system__fat_flt__fat_float__leading_part
                0x0201787c                system__fat_flt__fat_float__unbiased_rounding
                0x02016e70                system__fat_flt__fat_float__ceiling
                0x02016ed0                system__fat_flt__fat_float__compose
                0x020171d0                system__fat_flt__fat_float__exponent
                0x02017258                system__fat_flt__fat_float__fraction
                0x02017148                system__fat_flt__fat_float__gradual_scaling
                0x020173bc                system__fat_flt__fat_float__remainder
                0x02017544                system__fat_flt__fat_float__rounding
                0x02016e18                system__fat_flt__fat_float__adjacent
                0x020176e4                system__fat_flt__fat_float__succ
                0x02017924                system__fat_flt__fat_float__valid
                0x02016f00                system__fat_flt__fat_float__copy_sign
                0x020172dc                system__fat_flt__fat_float__machine
 .text          0x02017944     0x13dc /usr/local/openravenscar/lib/gcc-lib/sparc-ork-elf/2.8.1/adalib/libgnat.a(s-finimp.o)
                0x02018b64                system__finalization_implementation__deep_tag_attach
                0x02017b70                system__finalization_implementation___read__2
                0x020181c4                system__finalization_implementation__detach_from_final_list
                0x02017a08                system__finalization_implementation___output
                0x02018620                system__finalization_implementation__finalize_list
                0x02017c3c                system__finalization_implementation__Oeq__2
                0x02018cf0                system__finalization_implementation___init_proc__2
                0x02017a68                system__finalization_implementation___assign
                0x02018c1c                system__finalization_implementation__initialize__2
                0x02018028                system__finalization_implementation__attach_to_final_list
                0x020189c8                system__finalization_implementation__deep_tag_adjust
                0x02017c84                system__finalization_implementation___assign__2
                0x02017a20                system__finalization_implementation__Oeq
                0x020179b0                system__finalization_implementation___input
                0x0201798c                system__finalization_implementation___write
                0x020188d8                system__finalization_implementation__deep_tag_initialize
                0x02018c14                system__finalization_implementation__initialize
                0x02018ccc                system__finalization_implementation___init_proc
                0x02017b94                system__finalization_implementation___write__2
                0x02017d84                system__finalization_implementation___elabs
                0x02017c24                system__finalization_implementation___output__2
                0x02017bb8                system__finalization_implementation___input__2
                0x02017954                system__finalization_implementation___read
                0x0201878c                system__finalization_implementation__finalize_one
                0x02018a94                system__finalization_implementation__deep_tag_finalize
                0x02018764                system__finalization_implementation__finalize_global_list
                0x02018cb8                system__finalization_implementation__finalize
                0x02017b60                system__finalization_implementation___size__2
                0x02018c84                system__finalization_implementation__adjust__2
                0x02017944                system__finalization_implementation___size
 .text          0x02018d20      0x658 /usr/local/openravenscar/lib/gcc-lib/sparc-ork-elf/2.8.1/adalib/libgnat.a(s-finroo.o)
                0x02018d20                system__finalization_root___size
                0x02019354                system__finalization_root___init_proc__2
                0x02018d30                system__finalization_root___read
                0x02019068                system__finalization_root___elabs
                0x02018f20                system__finalization_root__Oeq__2
                0x02018eb0                system__finalization_root___input__2
                0x02018d38                system__finalization_root___write
                0x02018d48                system__finalization_root___assign
                0x02019314                system__finalization_root__finalize
                0x02018f08                system__finalization_root___output__2
                0x020192b4                system__finalization_root__initialize
                0x02018d40                system__finalization_root__Oeq
                0x02018e28                system__finalization_root___read__2
                0x02018e80                system__finalization_root___write__2
                0x02018e18                system__finalization_root___size__2
                0x020192e4                system__finalization_root__adjust
                0x02018f78                system__finalization_root___assign__2
                0x02019344                system__finalization_root___init_proc
 .text          0x02019378      0x1b4 /usr/local/openravenscar/lib/gcc-lib/sparc-ork-elf/2.8.1/adalib/libgnat.a(s-imgint.o)
                0x020194b4                system__img_int__set_image_integer
                0x02019378                system__img_int__image_integer
 .text          0x0201952c      0xbc8 /usr/local/openravenscar/lib/gcc-lib/sparc-ork-elf/2.8.1/adalib/libgnat.a(s-imgrea.o)
                0x0201952c                system__img_real__image_ordinary_fixed_point
                0x02019c18                system__img_real__set_image_real
                0x02019600                system__img_real__image_floating_point
 .text          0x0201a0f4      0x160 /usr/local/openravenscar/lib/gcc-lib/sparc-ork-elf/2.8.1/adalib/libgnat.a(s-imguns.o)
                0x0201a0f4                system__img_uns__image_unsigned
                0x0201a214                system__img_uns__set_image_unsigned
 .text          0x0201a254       0x40 /usr/local/openravenscar/lib/gcc-lib/sparc-ork-elf/2.8.1/adalib/libgnat.a(s-mastop.o)
                0x0201a26c                system__machine_state_operations__get_code_loc
                0x0201a254                system__machine_state_operations__allocate_machine_state
                0x0201a28c                system__machine_state_operations__set_signal_machine_state
                0x0201a264                system__machine_state_operations__free_machine_state
                0x0201a274                system__machine_state_operations__machine_state_length
                0x0201a25c                system__machine_state_operations__enter_handler
                0x0201a284                system__machine_state_operations__set_machine_state
                0x0201a27c                system__machine_state_operations__pop_frame
 .text          0x0201a294       0x50 /usr/local/openravenscar/lib/gcc-lib/sparc-ork-elf/2.8.1/adalib/libgnat.a(s-parame.o)
                0x0201a29c                system__parameters__minimum_stack_size
                0x0201a2a4                system__parameters__adjust_storage_size
                0x0201a294                system__parameters__default_stack_size
 .text          0x0201a2e4      0x314 /usr/local/openravenscar/lib/gcc-lib/sparc-ork-elf/2.8.1/adalib/libgnat.a(s-secsta.o)
                0x0201a5f0                system__secondary_stack___init_proc__2
                0x0201a594                system__secondary_stack___elabb
                0x0201a2e4                system__secondary_stack__ss_allocate
                0x0201a4d8                system__secondary_stack__ss_free
                0x0201a574                system__secondary_stack__ss_release
                0x0201a554                system__secondary_stack__ss_mark
                0x0201a5dc                system__secondary_stack___init_proc
                0x0201a474                system__secondary_stack__ss_init
 .text          0x0201a5f8      0x1fc /usr/local/openravenscar/lib/gcc-lib/sparc-ork-elf/2.8.1/adalib/libgnat.a(s-sopco3.o)
                0x0201a5f8                system__string_ops_concat_3__str_concat_3
 .text          0x0201a7f4      0x1e4 /usr/local/openravenscar/lib/gcc-lib/sparc-ork-elf/2.8.1/adalib/libgnat.a(s-stache.o)
                0x0201a7f4                system__stack_checking___elabs
                0x0201a80c                _gnat_stack_check
                0x0201a990                system__stack_checking__set_stack_size
                0x0201a9c8                system__stack_checking___init_proc
                0x0201a898                system__stack_checking__invalidate_stack_cache
                0x0201a9b8                system__stack_checking__update_stack_cache
 .text          0x0201a9d8       0x28 /usr/local/openravenscar/lib/gcc-lib/sparc-ork-elf/2.8.1/adalib/libgnat.a(s-stalib.o)
                0x0201a9d8                system__standard_library__abort_undefer_direct
                0x0201a9f4                system__standard_library___init_proc
 .text          0x0201aa00       0x64 /usr/local/openravenscar/lib/gcc-lib/sparc-ork-elf/2.8.1/adalib/libgnat.a(s-stoele.o)
                0x0201aa20                system__storage_elements__Omod
                0x0201aa54                system__storage_elements__to_address
                0x0201aa08                system__storage_elements__Oadd__2
                0x0201aa10                system__storage_elements__Osubtract
                0x0201aa00                system__storage_elements__Oadd
                0x0201aa5c                system__storage_elements__to_integer
                0x0201aa18                system__storage_elements__Osubtract__2
 .text          0x0201aa64     0x102c /usr/local/openravenscar/lib/gcc-lib/sparc-ork-elf/2.8.1/adalib/libgnat.a(s-stratt.o)
                0x0201b17c                system__stream_attributes__i_si
                0x0201b434                system__stream_attributes__w_ad
                0x0201ab6c                system__stream_attributes__i_b
                0x0201b528                system__stream_attributes__w_c
                0x0201ad44                system__stream_attributes__i_lf
                0x0201b0f4                system__stream_attributes__i_sf
                0x0201b9b0                system__stream_attributes__w_su
                0x0201abd0                system__stream_attributes__i_c
                0x0201ae74                system__stream_attributes__i_llf
                0x0201b2bc                system__stream_attributes__i_su
                0x0201afc4                system__stream_attributes__i_llu
                0x0201b8ac                system__stream_attributes__w_sf
                0x0201b334                system__stream_attributes__i_u
                0x0201ba4c                system__stream_attributes__w_wc
                0x0201aa64                system__stream_attributes__i_ad
                0x0201b9f4                system__stream_attributes__w_u
                0x0201b854                system__stream_attributes__w_lu
                0x0201b4f4                system__stream_attributes__w_b
                0x0201b75c                system__stream_attributes__w_lli
                0x0201b258                system__stream_attributes__i_ssu
                0x0201adec                system__stream_attributes__i_li
                0x0201b948                system__stream_attributes__w_ssi
                0x0201b904                system__stream_attributes__w_si
                0x0201b60c                system__stream_attributes__w_lf
                0x0201b1f4                system__stream_attributes__i_ssi
                0x0201ac34                system__stream_attributes__i_f
                0x0201b688                system__stream_attributes__w_li
                0x0201b4a4                system__stream_attributes__w_as
                0x0201b5b4                system__stream_attributes__w_i
                0x0201acbc                system__stream_attributes__i_i
                0x0201af1c                system__stream_attributes__i_lli
                0x0201b3bc                system__stream_attributes__i_wc
                0x0201b6e0                system__stream_attributes__w_llf
                0x0201b97c                system__stream_attributes__w_ssu
                0x0201aadc                system__stream_attributes__i_as
                0x0201b55c                system__stream_attributes__w_f
                0x0201b7d8                system__stream_attributes__w_llu
                0x0201b06c                system__stream_attributes__i_lu
 .text          0x0201ba90      0x5b8 /usr/local/openravenscar/lib/gcc-lib/sparc-ork-elf/2.8.1/adalib/libgnat.a(s-strops.o)
                0x0201beb4                system__string_ops__str_equal
                0x0201bd8c                system__string_ops__str_concat_sc
                0x0201bfc4                system__string_ops__str_normalize
                0x0201ba90                system__string_ops__str_concat
                0x0201bcb0                system__string_ops__str_concat_cs
                0x0201c004                system__string_ops__wide_str_normalize
                0x0201bc50                system__string_ops__str_concat_cc
 .text          0x0201c048      0x298 /usr/local/openravenscar/lib/gcc-lib/sparc-ork-elf/2.8.1/adalib/libgnat.a(s-soflin.o)
                0x0201c1ac                system__soft_links__set_jmpbuf_address_soft
                0x0201c118                system__soft_links__get_stack_info_nt
                0x0201c274                system__soft_links___elabb
                0x0201c10c                system__soft_links__get_current_excep_nt
                0x0201c21c                system__soft_links__set_exc_stack_addr_soft
                0x0201c048                system__soft_links__abort_defer_nt
                0x0201c07c                system__soft_links__check_abort_status_nt
                0x0201c0c4                system__soft_links__get_sec_stack_addr_nt
                0x0201c0b8                system__soft_links__set_jmpbuf_address_nt
                0x0201c09c                system__soft_links__task_lock_nt
                0x0201c258                system__soft_links__set_machine_state_addr_soft
                0x0201c08c                system__soft_links__current_master_nt
                0x0201c050                system__soft_links__abort_handler_nt
                0x0201c148                system__soft_links__destroy_tsd
                0x0201c200                system__soft_links__get_exc_stack_addr_soft
                0x0201c0ac                system__soft_links__get_jmpbuf_address_nt
                0x0201c058                system__soft_links__abort_undefer_nt
                0x0201c124                system__soft_links__create_tsd
                0x0201c0e8                system__soft_links__set_machine_state_addr_nt
                0x0201c0d0                system__soft_links__set_sec_stack_addr_nt
                0x0201c060                system__soft_links__update_exception_nt
                0x0201c100                system__soft_links__set_exc_stack_addr_nt
                0x0201c2b4                system__soft_links___init_proc
                0x0201c190                system__soft_links__get_jmpbuf_address_soft
                0x0201c094                system__soft_links__enter_master_nt
                0x0201c23c                system__soft_links__get_machine_state_addr_soft
                0x0201c1e4                system__soft_links__set_sec_stack_addr_soft
                0x0201c0a4                system__soft_links__task_unlock_nt
                0x0201c16c                system__soft_links__get_gnat_exception
                0x0201c1c8                system__soft_links__get_sec_stack_addr_soft
                0x0201c084                system__soft_links__complete_master_nt
                0x0201c0dc                system__soft_links__get_machine_state_addr_nt
                0x0201c0f4                system__soft_links__get_exc_stack_addr_nt
 .text          0x0201c2e0       0x68 /usr/local/openravenscar/lib/gcc-lib/sparc-ork-elf/2.8.1/adalib/libgnat.a(s-traceb.o)
                0x0201c2f4                system__traceback__get_code_loc
                0x0201c31c                system__traceback__pop_frame
                0x0201c308                system__traceback__free_machine_state
                0x0201c2e0                system__traceback__allocate_machine_state
                0x0201c334                system__traceback__set_machine_state
 .text          0x0201c348       0xfc /usr/local/openravenscar/lib/gcc-lib/sparc-ork-elf/2.8.1/adalib/libgnat.a(a-argv.o)
                0x0201c410                fill_env
                0x0201c3b4                env_count
                0x0201c3f0                len_env
                0x0201c348                arg_count
                0x0201c354                gnat_argval
                0x0201c380                fill_arg
                0x0201c360                len_arg
 .text          0x0201c444      0x14c /usr/local/openravenscar/lib/gcc-lib/sparc-ork-elf/2.8.1/adalib/libgnat.a(a-cio.o)
                0x0201c464                put_int
                0x0201c480                get_char
                0x0201c444                get_int
                0x0201c570                put_char_stderr
                0x0201c4d0                put_char
 .text          0x0201c590        0xc /usr/local/openravenscar/lib/gcc-lib/sparc-ork-elf/2.8.1/adalib/libgnat.a(a-exit.o)
                0x0201c590                set_gnat_exit_status
 .text          0x0201c59c      0x1f4 /usr/local/openravenscar/lib/gcc-lib/sparc-ork-elf/2.8.1/adalib/libgnat.a(a-raise.o)
                0x0201c59c                _gnat_builtin_longjmp
                0x0201c5f4                __gnat_malloc
                0x0201c6ac                __gnat_free
                0x0201c5dc                __gnat_unhandled_terminate
                0x0201c6e8                __gnat_realloc
 .text          0x0201c790      0x410 /usr/local/openravenscar/lib/gcc-lib/sparc-ork-elf/2.8.1/adalib/libgnat.a(a-init.o)
                0x0201c984                __gnat_pop_frame
                0x0201cb98                __gnat_init_float
                0x0201c790                __gnat_set_globals
                0x0201cb90                __gnat_get_code_loc
                0x0201c7e8                __gnat_initialize
                0x0201cad4                __gnat_enter_handler
                0x0201cb88                __gnat_machine_state_length
                0x0201ca28                __gnat_set_machine_state
 .text          0x0201cba0        0x8 /usr/local/openravenscar/lib/gcc-lib/sparc-ork-elf/2.8.1/adalib/libgnat.a(a-final.o)
                0x0201cba0                __gnat_finalize
 .text          0x0201cba8      0xc1c /usr/local/openravenscar/lib/gcc-lib/sparc-ork-elf/2.8.1/adalib/libgnat.a(s-fatllf.o)
                0x0201ccac                system__fat_llf__fat_long_long_float__copy_sign
                0x0201cf1c                system__fat_llf__fat_long_long_float__gradual_scaling
                0x0201d6f0                system__fat_llf__fat_long_long_float__unbiased_rounding
                0x0201cfb4                system__fat_llf__fat_long_long_float__exponent
                0x0201cc78                system__fat_llf__fat_long_long_float__compose
                0x0201cfe0                system__fat_llf__fat_long_long_float__floor
                0x0201cba8                system__fat_llf__fat_long_long_float__adjacent
                0x0201d10c                system__fat_llf__fat_long_long_float__pred
                0x0201d04c                system__fat_llf__fat_long_long_float__fraction
                0x0201d1cc                system__fat_llf__fat_long_long_float__remainder
                0x0201d414                system__fat_llf__fat_long_long_float__scaling
                0x0201cc0c                system__fat_llf__fat_long_long_float__ceiling
                0x0201cd10                system__fat_llf__fat_long_long_float__decompose
                0x0201d53c                system__fat_llf__fat_long_long_float__succ
                0x0201d078                system__fat_llf__fat_long_long_float__leading_part
                0x0201d37c                system__fat_llf__fat_long_long_float__rounding
                0x0201d0f4                system__fat_llf__fat_long_long_float__model
                0x0201d79c                system__fat_llf__fat_long_long_float__valid
                0x0201d62c                system__fat_llf__fat_long_long_float__truncation
                0x0201d0e0                system__fat_llf__fat_long_long_float__machine
 .text          0x0201d7c4      0x18c /usr/local/openravenscar/lib/gcc-lib/sparc-ork-elf/2.8.1/adalib/libgnat.a(s-imgllu.o)
                0x0201d7c4                system__img_llu__image_long_long_unsigned
                0x0201d90c                system__img_llu__set_image_long_long_unsigned
 .text          0x0201d950      0x894 /usr/local/openravenscar/lib/gcc-lib/sparc-ork-elf/2.8.1/adalib/libgnat.a(a-adaint.o)
                0x0201dae0                get_object_suffix_ptr
                0x0201da8c                Get_Default_Identifier_Character_Set
                0x0201da74                Get_Maximum_File_Name_Length
                0x0201da84                Get_File_Names_Case_Sensitive
                0x0201dcfc                file_time_name
                0x0201da9c                Get_Pathsep_Char
                0x0201db7c                open_read
                0x0201da94                Get_Dirsep_Char
                0x0201dd94                is_regular_file
                0x0201da7c                Get_Switch_Character
                0x0201df48                locate_regular_file
                0x0201e198                to_canonical_file_list_next
                0x0201e1c4                to_host_dir_spec
                0x0201dd74                __gnat_file_exists
                0x0201dc68                __gnat_mkdir
                0x0201e1bc                to_canonical_path_spec
                0x0201de14                is_writable_file
                0x0201dc40                open_new_temp
                0x0201de48                portable_spawn
                0x0201e1ac                to_canonical_dir_spec
                0x0201dd34                get_env_value_ptr
                0x0201dd18                file_time_fd
                0x0201dcf4                readdir_is_thread_safe
                0x0201dc18                open_new
                0x0201d950                to_gm_time
                0x0201d9c4                Try_Lock
                0x0201e1b4                to_canonical_file_spec
                0x0201df04                portable_wait
                0x0201e190                to_canonical_file_list_init
                0x0201e1dc                convert_addresses
                0x0201db14                get_executable_suffix_ptr
                0x0201ddd4                is_directory
                0x0201dbf0                open_append
                0x0201dbc8                open_create
                0x0201dba0                open_rw
                0x0201dc80                file_length
                0x0201dcc0                readdir_gnat
                0x0201e1d4                adjust_os_resource_limits
                0x0201e0d4                locate_exec
                0x0201dec4                portable_no_block_spawn
                0x0201df34                os_exit
                0x0201dd68                Get_Libraries_From_Registry
                0x0201e1a4                to_canonical_file_list_free
                0x0201daa4                Get_Current_Dir
                0x0201e1cc                to_host_file_spec
                0x0201e148                locate_exec_on_path
                0x0201db48                get_debuggable_suffix_ptr
 .text          0x0201e1e4      0x294 /usr/local/openravenscar/sparc-ork-elf/lib/libm.a(s_atan.o)
                0x0201e1e4                atan
 .text          0x0201e478       0xf0 /usr/local/openravenscar/sparc-ork-elf/lib/libm.a(s_cos.o)
                0x0201e478                cos
 .text          0x0201e568       0x2c /usr/local/openravenscar/sparc-ork-elf/lib/libm.a(s_fabs.o)
                0x0201e568                fabs
 .text          0x0201e594       0xf0 /usr/local/openravenscar/sparc-ork-elf/lib/libm.a(s_sin.o)
                0x0201e594                sin
 .text          0x0201e684       0x9c /usr/local/openravenscar/sparc-ork-elf/lib/libm.a(s_tan.o)
                0x0201e684                tan
 .text          0x0201e720      0x134 /usr/local/openravenscar/sparc-ork-elf/lib/libm.a(s_tanh.o)
                0x0201e720                tanh
 .text          0x0201e854       0xf8 /usr/local/openravenscar/sparc-ork-elf/lib/libm.a(w_acos.o)
                0x0201e854                acos
 .text          0x0201e94c       0xf8 /usr/local/openravenscar/sparc-ork-elf/lib/libm.a(w_asin.o)
                0x0201e94c                asin
 .text          0x0201ea44      0x1c0 /usr/local/openravenscar/sparc-ork-elf/lib/libm.a(w_exp.o)
                0x0201ea44                exp
 .text          0x0201ec04      0x184 /usr/local/openravenscar/sparc-ork-elf/lib/libm.a(w_log.o)
                0x0201ec04                log
 .text          0x0201ed88      0x60c /usr/local/openravenscar/sparc-ork-elf/lib/libm.a(w_pow.o)
                0x0201ed88                pow
 .text          0x0201f394      0x118 /usr/local/openravenscar/sparc-ork-elf/lib/libm.a(w_sqrt.o)
                0x0201f394                sqrt
 .text          0x0201f4ac      0x3ac /usr/local/openravenscar/sparc-ork-elf/lib/libm.a(e_acos.o)
                0x0201f4ac                __ieee754_acos
 .text          0x0201f858      0x340 /usr/local/openravenscar/sparc-ork-elf/lib/libm.a(e_asin.o)
                0x0201f858                __ieee754_asin
 .text          0x0201fb98      0x2f0 /usr/local/openravenscar/sparc-ork-elf/lib/libm.a(e_exp.o)
                0x0201fb98                __ieee754_exp
 .text          0x0201fe88      0x310 /usr/local/openravenscar/sparc-ork-elf/lib/libm.a(e_log.o)
                0x0201fe88                __ieee754_log
 .text          0x02020198      0x99c /usr/local/openravenscar/sparc-ork-elf/lib/libm.a(e_pow.o)
                0x02020198                __ieee754_pow
 .text          0x02020b34      0x3d8 /usr/local/openravenscar/sparc-ork-elf/lib/libm.a(e_rem_pio2.o)
                0x02020b34                __ieee754_rem_pio2
 .text          0x02020f0c      0x264 /usr/local/openravenscar/sparc-ork-elf/lib/libm.a(e_sqrt.o)
                0x02020f0c                __ieee754_sqrt
 .text          0x02021170      0x17c /usr/local/openravenscar/sparc-ork-elf/lib/libm.a(k_cos.o)
                0x02021170                __kernel_cos
 .text          0x020212ec      0x838 /usr/local/openravenscar/sparc-ork-elf/lib/libm.a(k_rem_pio2.o)
                0x020212ec                __kernel_rem_pio2
 .text          0x02021b24      0x11c /usr/local/openravenscar/sparc-ork-elf/lib/libm.a(k_sin.o)
                0x02021b24                __kernel_sin
 .text          0x02021c40      0x2b4 /usr/local/openravenscar/sparc-ork-elf/lib/libm.a(k_tan.o)
                0x02021c40                __kernel_tan
 .text          0x02021ef4      0x40c /usr/local/openravenscar/sparc-ork-elf/lib/libm.a(s_expm1.o)
                0x02021ef4                expm1
 .text          0x02022300       0x18 /usr/local/openravenscar/sparc-ork-elf/lib/libm.a(s_finite.o)
                0x02022300                finite
 .text          0x02022318      0x1a0 /usr/local/openravenscar/sparc-ork-elf/lib/libm.a(s_floor.o)
                0x02022318                floor
 .text          0x020224b8       0x28 /usr/local/openravenscar/sparc-ork-elf/lib/libm.a(s_isnan.o)
                0x020224b8                isnan
 .text          0x020224e0        0x8 /usr/local/openravenscar/sparc-ork-elf/lib/libm.a(s_matherr.o)
                0x020224e0                matherr
 .text          0x020224e8      0x1c8 /usr/local/openravenscar/sparc-ork-elf/lib/libm.a(s_rint.o)
                0x020224e8                rint
 .text          0x020226b0      0x1d8 /usr/local/openravenscar/sparc-ork-elf/lib/libm.a(s_scalbn.o)
                0x020226b0                scalbn
 .text          0x02022888       0x40 /usr/local/openravenscar/sparc-ork-elf/lib/libm.a(s_copysign.o)
                0x02022888                copysign
 .text          0x020228c8        0x8 /usr/local/openravenscar/lib/gcc-lib/sparc-ork-elf/2.8.1/libgcc.a(__dummy.o)
                0x020228c8                __dummy
 .text          0x020228d0       0x48 /usr/local/openravenscar/lib/gcc-lib/sparc-ork-elf/2.8.1/libgcc.a(_ashldi3.o)
                0x020228d0                __ashldi3
 .text          0x02022918       0x38 /usr/local/openravenscar/lib/gcc-lib/sparc-ork-elf/2.8.1/libgcc.a(_cmpdi2.o)
                0x02022918                __cmpdi2
 .text          0x02022950      0x3c0 /usr/local/openravenscar/lib/gcc-lib/sparc-ork-elf/2.8.1/libgcc.a(_divdi3.o)
                0x02022950                __divdi3
 .text          0x02022d10      0x1f4 /usr/local/openravenscar/lib/gcc-lib/sparc-ork-elf/2.8.1/libgcc.a(_divsi3.o)
                0x02022d10                udiv
                0x02022d1c                div
 .text          0x02022f04       0x58 /usr/local/openravenscar/lib/gcc-lib/sparc-ork-elf/2.8.1/libgcc.a(_fixsfdi.o)
                0x02022f04                __fixsfdi
 .text          0x02022f5c      0x1c0 /usr/local/openravenscar/lib/gcc-lib/sparc-ork-elf/2.8.1/libgcc.a(_fixunsdfdi.o)
                0x02022f5c                __fixunsdfdi
 .text          0x0202311c      0x1c8 /usr/local/openravenscar/lib/gcc-lib/sparc-ork-elf/2.8.1/libgcc.a(_fixunssfdi.o)
                0x0202311c                __fixunssfdi
 .text          0x020232e4       0x54 /usr/local/openravenscar/lib/gcc-lib/sparc-ork-elf/2.8.1/libgcc.a(_floatdidf.o)
                0x020232e4                __floatdidf
 .text          0x02023338       0xa8 /usr/local/openravenscar/lib/gcc-lib/sparc-ork-elf/2.8.1/libgcc.a(_floatdisf.o)
                0x02023338                __floatdisf
 .text          0x020233e0       0x48 /usr/local/openravenscar/lib/gcc-lib/sparc-ork-elf/2.8.1/libgcc.a(_lshrdi3.o)
                0x020233e0                __lshrdi3
 .text          0x02023428      0x1f4 /usr/local/openravenscar/lib/gcc-lib/sparc-ork-elf/2.8.1/libgcc.a(_modsi3.o)
                0x02023428                urem
                0x02023434                rem
 .text          0x0202361c       0xe0 /usr/local/openravenscar/lib/gcc-lib/sparc-ork-elf/2.8.1/libgcc.a(_muldi3.o)
                0x0202361c                __muldi3
 .text          0x020236fc       0xe8 /usr/local/openravenscar/lib/gcc-lib/sparc-ork-elf/2.8.1/libgcc.a(_mulsi3.o)
                0x020236fc                umul
 .text          0x020237e4      0x340 /usr/local/openravenscar/lib/gcc-lib/sparc-ork-elf/2.8.1/libgcc.a(_udivdi3.o)
                0x020237e4                __udivdi3
 .text          0x02023b24      0x39c /usr/local/openravenscar/lib/gcc-lib/sparc-ork-elf/2.8.1/libgcc.a(_umoddi3.o)
                0x02023b24                __umoddi3
 .text          0x02023ec0      0xa48 /usr/local/openravenscar/lib/gcc-lib/sparc-ork-elf/2.8.1/libgcc.a(frame.o)
                0x020247e4                __frame_state_for
                0x0202477c                __deregister_frame_info
                0x02024754                __register_frame_info_table
                0x0202472c                __register_frame_info
 .text          0x02024908       0x20 /usr/local/openravenscar/sparc-ork-elf/lib/libc.a(abort.o)
                0x02024908                abort
 .text          0x02024928       0x1c /usr/local/openravenscar/sparc-ork-elf/lib/libc.a(atoi.o)
                0x02024928                atoi
 .text          0x02024944        0xc /usr/local/openravenscar/sparc-ork-elf/lib/libc.a(errno.o)
                0x02024944                __errno
 .text          0x02024950       0x8c /usr/local/openravenscar/sparc-ork-elf/lib/libc.a(exit.o)
                0x02024950                exit
 .text          0x020249dc       0x90 /usr/local/openravenscar/sparc-ork-elf/lib/libc.a(fputc.o)
                0x020249dc                fputc
 .text          0x02024a6c       0x40 /usr/local/openravenscar/sparc-ork-elf/lib/libc.a(getenv.o)
                0x02024a8c                getenv
                0x02024a6c                _findenv
 .text          0x02024aac      0x100 /usr/local/openravenscar/sparc-ork-elf/lib/libc.a(getenv_r.o)
                0x02024aac                _findenv_r
                0x02024b90                _getenv_r
 .text          0x02024bac       0x1c /usr/local/openravenscar/sparc-ork-elf/lib/libc.a(gmtime.o)
                0x02024bac                gmtime
 .text          0x02024bc8       0x20 /usr/local/openravenscar/sparc-ork-elf/lib/libc.a(lcltime.o)
                0x02024bc8                localtime
 .text          0x02024be8      0x21c /usr/local/openravenscar/sparc-ork-elf/lib/libc.a(lcltime_r.o)
                0x02024be8                localtime_r
 .text          0x02024e04       0x38 /usr/local/openravenscar/sparc-ork-elf/lib/libc.a(malloc.o)
                0x02024e04                malloc
                0x02024e20                free
 .text          0x02024e3c      0x774 /usr/local/openravenscar/sparc-ork-elf/lib/libc.a(mallocr.o)
                0x02025008                _malloc_r
 .text          0x020255b0       0x80 /usr/local/openravenscar/sparc-ork-elf/lib/libc.a(memcmp.o)
                0x020255b0                memcmp
 .text          0x02025630       0xc4 /usr/local/openravenscar/sparc-ork-elf/lib/libc.a(memcpy.o)
                0x02025630                memcpy
 .text          0x020256f4       0xa4 /usr/local/openravenscar/sparc-ork-elf/lib/libc.a(memset.o)
                0x020256f4                memset
 .text          0x02025798       0x10 /usr/local/openravenscar/sparc-ork-elf/lib/libc.a(mlock.o)
                0x020257a0                __malloc_unlock
                0x02025798                __malloc_lock
 .text          0x020257a8       0x70 /usr/local/openravenscar/sparc-ork-elf/lib/libc.a(printf.o)
                0x020257d8                printf
                0x020257a8                _printf_r
 .text          0x02025818       0x20 /usr/local/openravenscar/sparc-ork-elf/lib/libc.a(realloc.o)
                0x02025818                realloc
 .text          0x02025838      0x50c /usr/local/openravenscar/sparc-ork-elf/lib/libc.a(reallocr.o)
                0x02025838                _realloc_r
 .text          0x02025d44       0x40 /usr/local/openravenscar/sparc-ork-elf/lib/libc.a(rget.o)
                0x02025d44                __srget
 .text          0x02025d84       0x34 /usr/local/openravenscar/sparc-ork-elf/lib/libc.a(sbrkr.o)
                0x02025d84                _sbrk_r
 .text          0x02025db8       0x64 /usr/local/openravenscar/sparc-ork-elf/lib/libc.a(scanf.o)
                0x02025df0                _scanf_r
                0x02025db8                scanf
 .text          0x02025e1c      0x24c /usr/local/openravenscar/sparc-ork-elf/lib/libc.a(signal.o)
                0x02025e78                _signal_r
                0x02025ed4                _raise_r
                0x02025f70                __sigtramp_r
                0x02026014                signal
                0x02026034                _init_signal
                0x02025e1c                _init_signal_r
                0x0202604c                __sigtramp
                0x02025ff8                raise
 .text          0x02026068       0x4c /usr/local/openravenscar/sparc-ork-elf/lib/libc.a(signalr.o)
                0x02026068                _kill_r
                0x020260a0                _getpid_r
 .text          0x020260b4       0xb4 /usr/local/openravenscar/sparc-ork-elf/lib/libc.a(sprintf.o)
                0x020260b4                _sprintf_r
                0x02026108                sprintf
 .text          0x02026168       0x8c /usr/local/openravenscar/sparc-ork-elf/lib/libc.a(strcat.o)
                0x02026168                strcat
 .text          0x020261f4       0xb8 /usr/local/openravenscar/sparc-ork-elf/lib/libc.a(strcmp.o)
                0x020261f4                strcmp
 .text          0x020262ac       0x8c /usr/local/openravenscar/sparc-ork-elf/lib/libc.a(strcpy.o)
                0x020262ac                strcpy
 .text          0x02026338       0x78 /usr/local/openravenscar/sparc-ork-elf/lib/libc.a(strlen.o)
                0x02026338                strlen
 .text          0x020263b0       0xcc /usr/local/openravenscar/sparc-ork-elf/lib/libc.a(strncmp.o)
                0x020263b0                strncmp
 .text          0x0202647c       0xd4 /usr/local/openravenscar/sparc-ork-elf/lib/libc.a(strncpy.o)
                0x0202647c                strncpy
 .text          0x02026550       0x68 /usr/local/openravenscar/sparc-ork-elf/lib/libc.a(strstr.o)
                0x02026550                strstr
 .text          0x020265b8      0x1f8 /usr/local/openravenscar/sparc-ork-elf/lib/libc.a(strtol.o)
                0x0202678c                strtol
                0x020265b8                _strtol_r
 .text          0x020267b0     0x19c4 /usr/local/openravenscar/sparc-ork-elf/lib/libc.a(vfprintf.o)
                0x020268b4                _vfprintf_r
                0x02026894                vfprintf
 .text          0x02028174      0xf30 /usr/local/openravenscar/sparc-ork-elf/lib/libc.a(vfscanf.o)
                0x02028174                __svfscanf
                0x02028fc4                __sccl
 .text          0x020290a4      0x10c /usr/local/openravenscar/sparc-ork-elf/lib/libc.a(wbuf.o)
                0x020290a4                __swbuf
 .text          0x020291b0      0x10c /usr/local/openravenscar/sparc-ork-elf/lib/libc.a(wsetup.o)
                0x020291b0                __swsetup
 .text          0x020292bc       0x18 /usr/local/openravenscar/sparc-ork-elf/lib/libc.a(atof.o)
                0x020292bc                atof
 .text          0x020292d4     0x1250 /usr/local/openravenscar/sparc-ork-elf/lib/libc.a(dtoa.o)
                0x020294c0                _dtoa_r
 .text          0x0202a524       0x10 /usr/local/openravenscar/sparc-ork-elf/lib/libc.a(envlock.o)
                0x0202a52c                __env_unlock
                0x0202a524                __env_lock
 .text          0x0202a534       0xf0 /usr/local/openravenscar/sparc-ork-elf/lib/libc.a(fflush.o)
                0x0202a534                fflush
 .text          0x0202a624      0x228 /usr/local/openravenscar/sparc-ork-elf/lib/libc.a(findfp.o)
                0x0202a7dc                __sinit
                0x0202a680                __sfmoreglue
                0x0202a7c4                _cleanup
                0x0202a7a8                _cleanup_r
                0x0202a6d8                __sfp
 .text          0x0202a84c       0xcc /usr/local/openravenscar/sparc-ork-elf/lib/libc.a(fread.o)
                0x0202a84c                fread
 .text          0x0202a918      0x3c0 /usr/local/openravenscar/sparc-ork-elf/lib/libc.a(freer.o)
                0x0202a918                _free_r
                0x0202abb4                _malloc_trim_r
 .text          0x0202acd8      0x380 /usr/local/openravenscar/sparc-ork-elf/lib/libc.a(fvwrite.o)
                0x0202acd8                __sfvwrite
 .text          0x0202b058       0x60 /usr/local/openravenscar/sparc-ork-elf/lib/libc.a(fwalk.o)
                0x0202b058                _fwalk
 .text          0x0202b0b8       0xa4 /usr/local/openravenscar/sparc-ork-elf/lib/libc.a(locale.o)
                0x0202b0b8                _setlocale_r
                0x0202b118                _localeconv_r
                0x0202b124                setlocale
                0x0202b144                localeconv
 .text          0x0202b15c      0x144 /usr/local/openravenscar/sparc-ork-elf/lib/libc.a(makebuf.o)
                0x0202b15c                __smakebuf
 .text          0x0202b2a0       0x58 /usr/local/openravenscar/sparc-ork-elf/lib/libc.a(mbtowc_r.o)
                0x0202b2a0                _mbtowc_r
 .text          0x0202b2f8       0xd4 /usr/local/openravenscar/sparc-ork-elf/lib/libc.a(memchr.o)
                0x0202b2f8                memchr
 .text          0x0202b3cc      0x110 /usr/local/openravenscar/sparc-ork-elf/lib/libc.a(memmove.o)
                0x0202b3cc                memmove
 .text          0x0202b4dc      0xd14 /usr/local/openravenscar/sparc-ork-elf/lib/libc.a(mprec.o)
                0x0202c1a4                _mprec_log10
                0x0202b750                _hi0bits
                0x0202b4dc                _Balloc
                0x0202bfe0                _d2b
                0x0202b8c0                _multiply
                0x0202c114                _ratio
                0x0202b690                _s2b
                0x0202b89c                _i2b
                0x0202b7d0                _lo0bits
                0x0202bc90                __mcmp
                0x0202baac                _pow5mult
                0x0202be54                _ulp
                0x0202bee0                _b2d
                0x0202b5ac                _multadd
                0x0202bcf8                __mdiff
                0x0202bb94                _lshift
                0x0202b574                _Bfree
 .text          0x0202c1f0      0x19c /usr/local/openravenscar/sparc-ork-elf/lib/libc.a(refill.o)
                0x0202c204                __srefill
 .text          0x0202c38c       0x38 /usr/local/openravenscar/sparc-ork-elf/lib/libc.a(s_isinf.o)
                0x0202c38c                isinf
 .text          0x0202c3c4      0x104 /usr/local/openravenscar/sparc-ork-elf/lib/libc.a(stdio.o)
                0x0202c460                __sseek
                0x0202c3c4                __sread
                0x0202c4b0                __sclose
                0x0202c410                __swrite
 .text          0x0202c4c8      0xedc /usr/local/openravenscar/sparc-ork-elf/lib/libc.a(strtod.o)
                0x0202c4c8                _strtod_r
                0x0202d388                strtodf
                0x0202d368                strtod
 .text          0x0202d3a4      0x1d8 /usr/local/openravenscar/sparc-ork-elf/lib/libc.a(strtoul.o)
                0x0202d558                strtoul
                0x0202d3a4                _strtoul_r
 .text          0x0202d57c      0x228 /usr/local/openravenscar/sparc-ork-elf/lib/libc.a(ungetc.o)
                0x0202d62c                ungetc
                0x0202d57c                __submore
 .text          0x0202d7a4       0x3c /usr/local/openravenscar/sparc-ork-elf/lib/libc.a(writer.o)
                0x0202d7a4                _write_r
 .text          0x0202d7e0       0xa8 /usr/local/openravenscar/sparc-ork-elf/lib/libc.a(callocr.o)
                0x0202d7e0                _calloc_r
 .text          0x0202d888       0x34 /usr/local/openravenscar/sparc-ork-elf/lib/libc.a(closer.o)
                0x0202d888                _close_r
 .text          0x0202d8bc       0x38 /usr/local/openravenscar/sparc-ork-elf/lib/libc.a(fstatr.o)
                0x0202d8bc                _fstat_r
 .text          0x0202d8f4       0x3c /usr/local/openravenscar/sparc-ork-elf/lib/libc.a(lseekr.o)
                0x0202d8f4                _lseek_r
 .text          0x0202d930       0x3c /usr/local/openravenscar/sparc-ork-elf/lib/libc.a(readr.o)
                0x0202d930                _read_r
 .text          0x0202d96c      0x134 /usr/local/openravenscar/sparc-ork-elf/lib/libork.a(ada_exceptions.o)
                0x0202d96c                Instruction_Access_Exception
                0x0202da48                Division_By_Zero
                0x0202da1c                Stack_Overflow
                0x0202d998                Illegal_Instruction
                0x0202da74                Integer_Overflow
                0x0202d9f0                FP_Exception
                0x0202d9c4                Address_Not_Aligned
 .text          0x0202daa0       0x1c /usr/local/openravenscar/sparc-ork-elf/lib/libork.a(close.o)
                0x0202daa0                close
 .text          0x0202dabc       0x30 /usr/local/openravenscar/sparc-ork-elf/lib/libork.a(execv.o)
                0x0202dabc                execv
 .text          0x0202daec       0x28 /usr/local/openravenscar/sparc-ork-elf/lib/libork.a(fork.o)
                0x0202daec                fork
 .text          0x0202db14       0x30 /usr/local/openravenscar/sparc-ork-elf/lib/libork.a(fstat.o)
                0x0202db14                fstat
 .text          0x0202db44       0x30 /usr/local/openravenscar/sparc-ork-elf/lib/libork.a(getcwd.o)
                0x0202db44                getcwd
 .text          0x0202db74       0x30 /usr/local/openravenscar/sparc-ork-elf/lib/libork.a(getpid.o)
                0x0202db74                getpid
                0x0202db8c                getppid
 .text          0x0202dba4       0x84 /usr/local/openravenscar/sparc-ork-elf/lib/libork.a(isatty.o)
                0x0202dba4                isatty
 .text          0x0202dc28       0x3c /usr/local/openravenscar/sparc-ork-elf/lib/libork.a(kill.o)
                0x0202dc28                kill
 .text          0x0202dc64       0x30 /usr/local/openravenscar/sparc-ork-elf/lib/libork.a(link.o)
                0x0202dc64                link
 .text          0x0202dc94       0x34 /usr/local/openravenscar/sparc-ork-elf/lib/libork.a(lseek.o)
                0x0202dc94                lseek
 .text          0x0202dcc8       0x34 /usr/local/openravenscar/sparc-ork-elf/lib/libork.a(open.o)
                0x0202dcc8                open
 .text          0x0202dcfc      0x148 /usr/local/openravenscar/sparc-ork-elf/lib/libork.a(read.o)
                0x0202dcfc                read
 .text          0x0202de44       0x34 /usr/local/openravenscar/sparc-ork-elf/lib/libork.a(readdir.o)
                0x0202de44                readdir
 .text          0x0202de78       0x20 /usr/local/openravenscar/sparc-ork-elf/lib/libork.a(mkdir.o)
                0x0202de78                mkdir
 .text          0x0202de98       0xb0 /usr/local/openravenscar/sparc-ork-elf/lib/libork.a(sbrk.o)
                0x0202de98                sbrk
 .text          0x0202df48       0x30 /usr/local/openravenscar/sparc-ork-elf/lib/libork.a(stat.o)
                0x0202df48                stat
 .text          0x0202df78       0x2c /usr/local/openravenscar/sparc-ork-elf/lib/libork.a(unlink.o)
                0x0202df78                unlink
 .text          0x0202dfa4       0x2c /usr/local/openravenscar/sparc-ork-elf/lib/libork.a(wait.o)
                0x0202dfa4                wait
 .text          0x0202dfd0       0xec /usr/local/openravenscar/sparc-ork-elf/lib/libork.a(write.o)
                0x0202dfd0                write
 *fill*         0x0202e0bc        0x4
                0x0202e0c0                .=ALIGN(0x10)
 *(.eh_frame)
 .eh_frame      0x0202e0c0      0x11c /usr/local/openravenscar/lib/gcc-lib/sparc-ork-elf/2.8.1/adalib/libgnat.a(a-init.o)
 .eh_frame      0x0202e1dc       0x24 /usr/local/openravenscar/lib/gcc-lib/sparc-ork-elf/2.8.1/libgcc.a(__dummy.o)
 .eh_frame      0x0202e200       0x24 /usr/local/openravenscar/lib/gcc-lib/sparc-ork-elf/2.8.1/libgcc.a(_ashldi3.o)
 .eh_frame      0x0202e224       0x24 /usr/local/openravenscar/lib/gcc-lib/sparc-ork-elf/2.8.1/libgcc.a(_cmpdi2.o)
 .eh_frame      0x0202e248       0x2c /usr/local/openravenscar/lib/gcc-lib/sparc-ork-elf/2.8.1/libgcc.a(_divdi3.o)
 .eh_frame      0x0202e274       0x2c /usr/local/openravenscar/lib/gcc-lib/sparc-ork-elf/2.8.1/libgcc.a(_fixsfdi.o)
 .eh_frame      0x0202e2a0       0x2c /usr/local/openravenscar/lib/gcc-lib/sparc-ork-elf/2.8.1/libgcc.a(_fixunsdfdi.o)
 .eh_frame      0x0202e2cc       0x2c /usr/local/openravenscar/lib/gcc-lib/sparc-ork-elf/2.8.1/libgcc.a(_fixunssfdi.o)
 .eh_frame      0x0202e2f8       0x28 /usr/local/openravenscar/lib/gcc-lib/sparc-ork-elf/2.8.1/libgcc.a(_floatdidf.o)
 .eh_frame      0x0202e320       0x28 /usr/local/openravenscar/lib/gcc-lib/sparc-ork-elf/2.8.1/libgcc.a(_floatdisf.o)
 .eh_frame      0x0202e348       0x24 /usr/local/openravenscar/lib/gcc-lib/sparc-ork-elf/2.8.1/libgcc.a(_lshrdi3.o)
 .eh_frame      0x0202e36c       0x2c /usr/local/openravenscar/lib/gcc-lib/sparc-ork-elf/2.8.1/libgcc.a(_muldi3.o)
 .eh_frame      0x0202e398       0x2c /usr/local/openravenscar/lib/gcc-lib/sparc-ork-elf/2.8.1/libgcc.a(_udivdi3.o)
 .eh_frame      0x0202e3c4       0x2c /usr/local/openravenscar/lib/gcc-lib/sparc-ork-elf/2.8.1/libgcc.a(_umoddi3.o)
 .eh_frame      0x0202e3f0      0x11c /usr/local/openravenscar/lib/gcc-lib/sparc-ork-elf/2.8.1/libgcc.a(frame.o)
 *fill*         0x0202e50c        0x4
                0x0202e510                .=ALIGN(0x10)
 *(.rodata)
 .rodata        0x0202e510        0xe ./testing_1.o
 *fill*         0x0202e51e        0x2
 .rodata        0x0202e520      0x1c0 ./devicesfss_v1.o
 .rodata        0x0202e6e0      0x231 ./fss.o
 *fill*         0x0202e911        0x7
 .rodata        0x0202e918       0x4c ./workload.o
 *fill*         0x0202e964        0x4
 .rodata        0x0202e968       0x6c ./tools.o
 .rodata        0x0202e9d4        0x8 /usr/local/openravenscar/lib/gcc-lib/sparc-ork-elf/2.8.1/adalib/libgnarl.a(a-reatim.o)
 .rodata        0x0202e9dc        0x8 /usr/local/openravenscar/lib/gcc-lib/sparc-ork-elf/2.8.1/adalib/libgnarl.a(a-retide.o)
 *fill*         0x0202e9e4        0x4
 .rodata        0x0202e9e8       0x24 /usr/local/openravenscar/lib/gcc-lib/sparc-ork-elf/2.8.1/adalib/libgnarl.a(s-taprob.o)
 *fill*         0x0202ea0c        0x4
 .rodata        0x0202ea10       0xd0 /usr/local/openravenscar/lib/gcc-lib/sparc-ork-elf/2.8.1/adalib/libgnarl.a(s-taprop.o)
 .rodata        0x0202eae0       0x50 /usr/local/openravenscar/lib/gcc-lib/sparc-ork-elf/2.8.1/adalib/libgnarl.a(s-tarest.o)
 .rodata        0x0202eb30      0x14a /usr/local/openravenscar/lib/gcc-lib/sparc-ork-elf/2.8.1/adalib/libgnarl.a(s-tasdeb.o)
 *fill*         0x0202ec7a        0x2