Archive member included       because of file (symbol)

/usr/local/openravenscar/lib/gcc-lib/sparc-ork-elf/2.8.1/adalib/libgnarl.a(a-reatim.o)
                              ./devicesfss_v1.o (ada__real_time__clock)
/usr/local/openravenscar/lib/gcc-lib/sparc-ork-elf/2.8.1/adalib/libgnarl.a(a-retide.o)
                              ./fss.o (ada__real_time__delays__delay_until)
/usr/local/openravenscar/lib/gcc-lib/sparc-ork-elf/2.8.1/adalib/libgnarl.a(s-taprob.o)
                              ./fss_interfaces.o (system__tasking__protected_objects__initialize_protection)
/usr/local/openravenscar/lib/gcc-lib/sparc-ork-elf/2.8.1/adalib/libgnarl.a(s-taprop.o)
                              /usr/local/openravenscar/lib/gcc-lib/sparc-ork-elf/2.8.1/adalib/libgnarl.a(a-retide.o) (system__task_primitives__operations__self)
/usr/local/openravenscar/lib/gcc-lib/sparc-ork-elf/2.8.1/adalib/libgnarl.a(s-tarest.o)
                              ./fss.o (system__tasking__restricted__stages__create_restricted_task)
/usr/local/openravenscar/lib/gcc-lib/sparc-ork-elf/2.8.1/adalib/libgnarl.a(s-tasdeb.o)
                              b~main.o (system__tasking__debug___elabs)
/usr/local/openravenscar/lib/gcc-lib/sparc-ork-elf/2.8.1/adalib/libgnarl.a(s-taskin.o)
                              /usr/local/openravenscar/lib/gcc-lib/sparc-ork-elf/2.8.1/adalib/libgnarl.a(s-tasdeb.o) (system__tasking__task_statesT)
/usr/local/openravenscar/lib/gcc-lib/sparc-ork-elf/2.8.1/adalib/libgnarl.a(s-taspri.o)
                              /usr/local/openravenscar/lib/gcc-lib/sparc-ork-elf/2.8.1/adalib/libgnarl.a(s-taskin.o) (system__task_primitives___init_proc)
/usr/local/openravenscar/lib/gcc-lib/sparc-ork-elf/2.8.1/adalib/libgnarl.a(kernel-interrupts.o)
                              b~main.o (kernel__interrupts___elabb)
/usr/local/openravenscar/lib/gcc-lib/sparc-ork-elf/2.8.1/adalib/libgnarl.a(kernel-threads.o)
                              b~main.o (kernel__threads___elabs)
/usr/local/openravenscar/lib/gcc-lib/sparc-ork-elf/2.8.1/adalib/libgnarl.a(kernel-threads-atcb.o)
                              /usr/local/openravenscar/lib/gcc-lib/sparc-ork-elf/2.8.1/adalib/libgnarl.a(s-taprop.o) (kernel__threads__atcb__set_atcb)
/usr/local/openravenscar/lib/gcc-lib/sparc-ork-elf/2.8.1/adalib/libgnarl.a(kernel-threads-queues.o)
                              /usr/local/openravenscar/lib/gcc-lib/sparc-ork-elf/2.8.1/adalib/libgnarl.a(s-taprop.o) (running_thread)
/usr/local/openravenscar/lib/gcc-lib/sparc-ork-elf/2.8.1/adalib/libgnarl.a(kernel-threads-protection.o)
                              /usr/local/openravenscar/lib/gcc-lib/sparc-ork-elf/2.8.1/adalib/libgnarl.a(kernel-threads.o) (kernel__threads__protection__dispatch)
/usr/local/openravenscar/lib/gcc-lib/sparc-ork-elf/2.8.1/adalib/libgnarl.a(kernel-time.o)
                              /usr/local/openravenscar/lib/gcc-lib/sparc-ork-elf/2.8.1/adalib/libgnarl.a(s-taprop.o) (kernel_clock)
/usr/local/openravenscar/lib/gcc-lib/sparc-ork-elf/2.8.1/adalib/libgnarl.a(kernel-memory.o)
                              /usr/local/openravenscar/sparc-ork-elf/lib/ada_crt0.o (environment_stack)
/usr/local/openravenscar/lib/gcc-lib/sparc-ork-elf/2.8.1/adalib/libgnarl.a(kernel-cpu_primitives.o)
                              /usr/local/openravenscar/lib/gcc-lib/sparc-ork-elf/2.8.1/adalib/libgnarl.a(kernel-threads-protection.o) (kernel__cpu_primitives__context_switch)
/usr/local/openravenscar/lib/gcc-lib/sparc-ork-elf/2.8.1/adalib/libgnarl.a(kernel-peripherals-registers.o)
                              b~main.o (kernel__peripherals__registers___elabs)
/usr/local/openravenscar/lib/gcc-lib/sparc-ork-elf/2.8.1/adalib/libgnarl.a(kernel-peripherals.o)
                              /usr/local/openravenscar/lib/gcc-lib/sparc-ork-elf/2.8.1/adalib/libgnarl.a(kernel-interrupts.o) (kernel__peripherals__to_vector)
/usr/local/openravenscar/lib/gcc-lib/sparc-ork-elf/2.8.1/adalib/libgnarl.a(kernel-serial_output.o)
                              ./devicesfss_v1.o (kernel__serial_output__put__2)
/usr/local/openravenscar/lib/gcc-lib/sparc-ork-elf/2.8.1/adalib/libgnarl.a(context.o)
                              /usr/local/openravenscar/sparc-ork-elf/lib/ada_crt0.o (context_trap)
/usr/local/openravenscar/lib/gcc-lib/sparc-ork-elf/2.8.1/adalib/libgnarl.a(install_handler.o)
                              /usr/local/openravenscar/sparc-ork-elf/lib/ada_crt0.o (FP_Save_Pending)
/usr/local/openravenscar/lib/gcc-lib/sparc-ork-elf/2.8.1/adalib/libgnarl.a(int_level.o)
                              /usr/local/openravenscar/lib/gcc-lib/sparc-ork-elf/2.8.1/adalib/libgnarl.a(kernel-threads-protection.o) (disable_interrupts)
/usr/local/openravenscar/lib/gcc-lib/sparc-ork-elf/2.8.1/adalib/libgnat.a(a-except.o)
                              b~main.o (ada__exceptions___elabs)
/usr/local/openravenscar/lib/gcc-lib/sparc-ork-elf/2.8.1/adalib/libgnat.a(a-filico.o)
                              b~main.o (ada__finalization__list_controller___elabs)
[...]
Memory Configuration

Name             Origin             Length             Attributes
rom              0x00000000         0x00200000         xr
ram              0x02000000         0x003f8000         xrw
*default*        0x00000000         0xffffffff

Linker script and memory map

                0x00200000                PROM_SIZE=0x200000
                0x00400000                RAM_SIZE=0x400000
                0x00000000                PROM_START=0x0
                0x00200000                PROM_END=(PROM_START+PROM_SIZE)
                0x02000000                RAM_START=0x2000000
                0x02400000                RAM_END=(RAM_START+RAM_SIZE)

.text           0x02000000    0x31510
 CREATE_OBJECT_SYMBOLS
                0x02000000                text_start=.
 *(.text)
 .text          0x02000000     0x1384 /usr/local/openravenscar/sparc-ork-elf/lib/ada_crt0.o
                0x020011bc                __exit
                0x02000000                trap_table
                0x02000000                start
                0x020011bc                _exit
 .text          0x02001384      0x25c b~main.o
                0x020015c8                ada_main___elabb
                0x02001384                adainit
                0x02001548                main
                0x0200152c                adafinal
 .text          0x020015e0       0x1c ./main.o
                0x020015e0                _ada_main
 .text          0x020015fc      0xd98 ./fss_interfaces.o
                0x02001f40                fss_interfaces__speed_altitud_dataPT__get_speedP
                0x02001c44                fss_interfaces__speed_altitud_dataPT__updatespeedN
                0x020016b0                fss_interfaces__pitch_roll_dataPT__updateN
                0x02001640                fss_interfaces___init_proc__2
                0x020020cc                fss_interfaces__speed_altitud_dataPT__updatealtitudP
                0x02001cd4                fss_interfaces__speed_altitud_dataPT__get_speedN
                0x020015fc                fss_interfaces___init_proc
                0x02001974                fss_interfaces__pitch_roll_dataPT__get_pitchP
                0x020017e8                fss_interfaces__pitch_roll_dataPT__get_rollP
                0x02001684                fss_interfaces___elabs
                0x02001c8c                fss_interfaces__speed_altitud_dataPT__updatealtitudN
                0x02001db4                fss_interfaces__speed_altitud_dataPT__get_altitudeP
                0x02001708                fss_interfaces__pitch_roll_dataPT__get_pitchN
                0x02001b00                fss_interfaces__pitch_roll_dataPT__updateP
                0x02002240                fss_interfaces__speed_altitud_dataPT__updatespeedP
                0x0200237c                fss_interfaces___elabb
                0x0200175c                fss_interfaces__pitch_roll_dataPT__get_rollN
                0x02001d28                fss_interfaces__speed_altitud_dataPT__get_altitudeN
 .text          0x02002394      0x118 ./testing_1.o
                0x02002394                testing_1___elabs
 .text          0x020024ac     0x4af4 ./devicesfss_v1.o
                0x02004170                devicesfss_v1___init_proc__6
                0x02005554                devicesfss_v1___init_proc__9
                0x02002ae0                devicesfss_v1__read_light_intensity
                0x02006394                devicesfss_v1__display_altitude
                0x020041c4                devicesfss_v1__read_pilotbutton
                0x02006b78                devicesfss_v1__display_cronometro
                0x020035fc                devicesfss_v1___init_proc__4
                0x02006768                devicesfss_v1__display_joystick
                0x02005f84                devicesfss_v1__light_1
                0x02004df4                devicesfss_v1__read_altitude
                0x020064ac                devicesfss_v1__display_distance
                0x02005594                devicesfss_v1__read_pitch
                0x02003054                devicesfss_v1___init_proc__3
                0x02004dac                devicesfss_v1___init_proc__8
                0x02006a1c                devicesfss_v1__display_message
                0x0200250c                devicesfss_v1__read_distance
                0x02006650                devicesfss_v1__display_light_intensity
                0x020066dc                devicesfss_v1__display_pilot_power
                0x0200365c                devicesfss_v1__read_power
                0x02004750                devicesfss_v1__read_speed
                0x020065c4                devicesfss_v1__display_roll
                0x02006934                devicesfss_v1__display_pilot_button
                0x02005b8c                devicesfss_v1__read_roll
                0x02006afc                devicesfss_v1__display_clear
                0x02006ee8                devicesfss_v1___elabb
                0x02004710                devicesfss_v1___init_proc__7
                0x02002a80                devicesfss_v1___init_proc__2
                0x02006034                devicesfss_v1__light_2
                0x02003c24                devicesfss_v1__read_pilotpresence
                0x020055bc                devicesfss_v1__set_aircraft_pitch
                0x02006420                devicesfss_v1__display_speed
                0x02005bb4                devicesfss_v1__set_aircraft_roll
                0x020030b4                devicesfss_v1__read_joystick
                0x02006114                devicesfss_v1__alarm
                0x0200684c                devicesfss_v1__display_pilot_presence
                0x02004778                devicesfss_v1__set_speed
                0x02006538                devicesfss_v1__display_pitch
                0x02003bd0                devicesfss_v1___init_proc__5
                0x02005b4c                devicesfss_v1___init_proc__10
                0x020024ac                devicesfss_v1___init_proc
 .text          0x02006fa0      0xe18 ./fss.o
                0x02007b20                fss___init_proc
                0x02006fa0                fss__background
                0x02007d10                fss___elabb
 .text          0x02007db8      0x9a8 ./workload.o
                0x02007db8                workload___elabs
                0x020081b8                workload__small_whetstone
                0x02008748                workload___elabb
 .text          0x02008760      0xd08 ./tools.o
                0x02009438                tools___elabb
                0x020093c4                tools__execution_time
                0x0200931c                tools__finish_activity
                0x020091cc                tools__print_a_string
                0x02008a4c                tools__print_chrono
                0x02009274                tools__start_activity
                0x02008760                tools___elabs
                0x02008e74                tools__print_an_integer
                0x0200902c                tools__print_a_float
                0x020087ac                tools__current_time
 .text          0x02009468      0x5e4 /usr/local/openravenscar/lib/gcc-lib/sparc-ork-elf/2.8.1/adalib/libgnarl.a(a-reatim.o)
                0x02009494                ada__real_time__Oadd__2
                0x02009668                ada__real_time__split
                0x02009484                ada__real_time__Oadd
                0x020094e4                ada__real_time__Osubtract__4
                0x020095e8                ada__real_time__nanoseconds
                0x02009554                ada__real_time__Odivide__2
                0x02009510                ada__real_time__Odivide
                0x020094c4                ada__real_time__Osubtract__2
                0x020095d8                ada__real_time__to_duration
                0x02009980                ada__real_time__time_of
                0x020094a4                ada__real_time__Oadd__3
                0x02009638                ada__real_time__milliseconds
                0x02009468                ada__real_time__clock
                0x0200960c                ada__real_time__microseconds
                0x020094b4                ada__real_time__Osubtract
                0x020094d4                ada__real_time__Osubtract__3
                0x020095e0                ada__real_time__to_time_span
                0x020095ac                ada__real_time__Omultiply__2
                0x02009580                ada__real_time__Omultiply
 .text          0x02009a4c       0x68 /usr/local/openravenscar/lib/gcc-lib/sparc-ork-elf/2.8.1/adalib/libgnarl.a(a-retide.o)
                0x02009a90                ada__real_time__delays__to_duration
                0x02009a4c                ada__real_time__delays__delay_until
 .text          0x02009ab4      0x10c /usr/local/openravenscar/lib/gcc-lib/sparc-ork-elf/2.8.1/adalib/libgnarl.a(s-taprob.o)
                0x02009ba0                system__tasking__protected_objects___init_proc
                0x02009b70                system__tasking__protected_objects__unlock
                0x02009ae0                system__tasking__protected_objects__lock
                0x02009bac                system__tasking__protected_objects___init_proc__2
                0x02009ab4                system__tasking__protected_objects__initialize_protection
                0x02009b28                system__tasking__protected_objects__lock_read_only
                0x02009b88                system__tasking__protected_objects__finalize_protection
 .text          0x02009bc0      0x978 /usr/local/openravenscar/lib/gcc-lib/sparc-ork-elf/2.8.1/adalib/libgnarl.a(s-taprop.o)
                0x02009e40                system__task_primitives__operations__get_priority
                0x02009cb8                system__task_primitives__operations__unlock__2
                0x0200a018                system__task_primitives__operations__check_no_locks
                0x02009c3c                system__task_primitives__operations__write_lock
                0x0200a078                system__task_primitives__operations__resume_task
                0x0200a0f8                system__task_primitives__operations___elabb
                0x02009d84                system__task_primitives__operations__clock
                0x02009c58                system__task_primitives__operations__write_lock__2
                0x02009bf8                system__task_primitives__operations__get_thread_id
                0x02009d0c                system__task_primitives__operations__timed_delay
                0x02009e20                system__task_primitives__operations__set_priority
                0x02009ce8                system__task_primitives__operations__timed_sleep
                0x02009bdc                system__task_primitives__operations__self
                0x02009cd0                system__task_primitives__operations__sleep
                0x02009ffc                system__task_primitives__operations__set_exit_task_procedure
                0x02009ca4                system__task_primitives__operations__unlock
                0x0200a030                system__task_primitives__operations__environment_task
                0x02009c04                system__task_primitives__operations__initialize_lock
                0x0200a32c                system__task_primitives__operations___init_proc
                0x02009fe0                system__task_primitives__operations__exit_task
                0x02009da8                system__task_primitives__operations__wakeup
                0x02009bc0                system__task_primitives__operations__set
                0x0200a008                system__task_primitives__operations__abort_task
                0x0200a03c                system__task_primitives__operations__lock_all_tasks_list
                0x02009c70                system__task_primitives__operations__write_lock__3
                0x02009fd0                system__task_primitives__operations__finalize_tcb
                0x02009ebc                system__task_primitives__operations__new_atcb
                0x0200a070                system__task_primitives__operations__suspend_task
                0x02009dbc                system__task_primitives__operations__yield
                0x0200a058                system__task_primitives__operations__unlock_all_tasks_list
                0x0200a080                system__task_primitives__operations__initialize
                0x0200a010                system__task_primitives__operations__check_exit
                0x02009f34                system__task_primitives__operations__initialize_tcb
                0x02009bf0                system__task_primitives__operations__stack_guard
                0x02009c34                system__task_primitives__operations__finalize_lock
                0x02009fd8                system__task_primitives__operations__default_exit_task_procedure
                0x02009f70                system__task_primitives__operations__create_task
                0x02009c1c                system__task_primitives__operations__initialize_lock__2
                0x02009c88                system__task_primitives__operations__read_lock
                0x02009e58                system__task_primitives__operations__enter_task
 .text          0x0200a538      0x924 /usr/local/openravenscar/lib/gcc-lib/sparc-ork-elf/2.8.1/adalib/libgnarl.a(s-tarest.o)
                0x0200a7ac                system__tasking__restricted__stages__create_restricted_task
                0x0200acac                system__tasking__restricted__stages__restricted_terminated
                0x0200a9bc                system__tasking__restricted__stages__activate_restricted_tasks
                0x0200ab7c                system__tasking__restricted__stages__complete_restricted_activation
                0x0200acc0                system__tasking__restricted__stages__finalize_global_tasks
                0x0200ad14                system__tasking__restricted__stages___elabb
                0x0200ac4c                system__tasking__restricted__stages__complete_restricted_task
 .text          0x0200ae5c      0xf44 /usr/local/openravenscar/lib/gcc-lib/sparc-ork-elf/2.8.1/adalib/libgnarl.a(s-tasdeb.o)
                0x0200bad4                system__tasking__debug__image
                0x0200bd78                system__tasking__debug___init_proc__2
                0x0200b7b0                system__tasking__debug__print_current_task
                0x0200ba24                system__tasking__debug__trace__2
                0x0200ae5c                system__tasking__debug___elabs
                0x0200b7cc                system__tasking__debug__list_tasks
                0x0200bc7c                system__tasking__debug__resume_all_tasks
                0x0200aed4                system__tasking__debug__set_user_state
                0x0200b5fc                system__tasking__debug__print_task_info_header
                0x0200bd38                system__tasking__debug___init_proc
                0x0200aec0                system__tasking__debug__self
                0x0200bcb4                system__tasking__debug___elabb
                0x0200b80c                system__tasking__debug__print_accept_info
                0x0200bac0                system__tasking__debug__set_trace
                0x0200b8d0                system__tasking__debug__trace
                0x0200ba58                system__tasking__debug__trace__3
                0x0200ba8c                system__tasking__debug__trace__4
                0x0200b1bc                system__tasking__debug__print_task_info
                0x0200aeb8                system__tasking__debug__task_termination_hook
                0x0200aeb0                system__tasking__debug__task_creation_hook
                0x0200bc44                system__tasking__debug__suspend_all_tasks
 .text          0x0200bda0      0x75c /usr/local/openravenscar/lib/gcc-lib/sparc-ork-elf/2.8.1/adalib/libgnarl.a(s-taskin.o)
                0x0200c1b4                system__tasking___init_proc__3
                0x0200c45c                system__tasking___init_proc__8
                0x0200c41c                system__tasking___init_proc__7
                0x0200bda0                system__tasking__self
                0x0200c17c                system__tasking___init_proc__2
                0x0200bedc                system__tasking___elabb
                0x0200c230                system__tasking___init_proc__4
                0x0200c468                system__tasking___init_proc__9
                0x0200c128                system__tasking___init_proc
                0x0200c284                system__tasking___init_proc__6
                0x0200bdb4                system__tasking__initialize_atcb
                0x0200c23c                system__tasking___init_proc__5
 .text          0x0200c4fc       0x14 /usr/local/openravenscar/lib/gcc-lib/sparc-ork-elf/2.8.1/adalib/libgnarl.a(s-taspri.o)
                0x0200c4fc                system__task_primitives___init_proc
 .text          0x0200c510      0x1f0 /usr/local/openravenscar/lib/gcc-lib/sparc-ork-elf/2.8.1/adalib/libgnarl.a(kernel-interrupts.o)
                0x0200c5d8                kernel_detach_interrupt_handler
                0x0200c620                kernel__interrupts___elabb
                0x0200c510                kernel__interrupts__null_handler
                0x0200c518                kernel__interrupts__wrapper
                0x0200c600                kernel_current_interrupt_handler
                0x0200c578                kernel_attach_interrupt_handler
                0x0200c6a4                kernel__interrupts___init_proc__2
                0x0200c68c                kernel__interrupts___init_proc
 .text          0x0200c700      0x5dc /usr/local/openravenscar/lib/gcc-lib/sparc-ork-elf/2.8.1/adalib/libgnarl.a(kernel-threads.o)
                0x0200c700                kernel__threads___elabs
                0x0200cca0                kernel__threads___init_proc__3
                0x0200c970                kernel_yield
                0x0200ca70                kernel_check_no_mutexes
                0x0200ca80                kernel_condition_init
                0x0200c8d0                kernel__threads__set_active_priority
                0x0200c884                kernel_set_priority
                0x0200cb44                kernel_condition_signal
                0x0200cba4                kernel_thread_create
                0x0200c78c                kernel__threads__default_dummy_task_function
                0x0200cc6c                kernel_thread_self
                0x0200c73c                kernel__threads__thread_caller
                0x0200ca88                kernel_condition_wait
                0x0200c79c                kernel_initialize
                0x0200ca10                kernel_mutex_unlock
                0x0200c9b8                kernel_mutex_lock
                0x0200c9ac                kernel_mutex_init
                0x0200cc7c                kernel__threads___elabb
                0x0200cc8c                kernel__threads___init_proc
                0x0200cc98                kernel__threads___init_proc__2
                0x0200c954                kernel_get_priority
 .text          0x0200ccdc       0x28 /usr/local/openravenscar/lib/gcc-lib/sparc-ork-elf/2.8.1/adalib/libgnarl.a(kernel-threads-atcb.o)
                0x0200ccf4                kernel__threads__atcb___elabb
                0x0200cce4                kernel__threads__atcb__thread_self_atcb
                0x0200ccdc                kernel__threads__atcb__set_atcb
 .text          0x0200cd04      0x478 /usr/local/openravenscar/lib/gcc-lib/sparc-ork-elf/2.8.1/adalib/libgnarl.a(kernel-threads-queues.o)
                0x0200cf1c                kernel__threads__queues__insert_alarm
                0x0200cdc0                kernel__threads__queues__insert_at_tail
                0x0200cd1c                kernel__threads__queues__insert_at_head
                0x0200cfe8                kernel__threads__queues__extract_first_alarm
                0x0200ced0                kernel__threads__queues__get_new_thread_descriptor
                0x0200d0ec                kernel__threads__queues___init_proc
                0x0200ce64                kernel__threads__queues__extract_from_ready
                0x0200d014                kernel__threads__queues__get_next_alarm_time
                0x0200d048                kernel__threads__queues___elabb
                0x0200ceac                kernel__threads__queues__next_running
                0x0200cd10                kernel__threads__queues__environment_thread_id
                0x0200cd04                kernel__threads__queues__dummy_thread_id
 .text          0x0200d17c      0x108 /usr/local/openravenscar/lib/gcc-lib/sparc-ork-elf/2.8.1/adalib/libgnarl.a(kernel-threads-protection.o)
                0x0200d1a0                kernel__threads__protection__leave_kernel
                0x0200d17c                kernel__threads__protection__dispatch
                0x0200d274                kernel__threads__protection___elabb
                0x0200d18c                kernel__threads__protection__enter_kernel
 .text          0x0200d284      0x3c4 /usr/local/openravenscar/lib/gcc-lib/sparc-ork-elf/2.8.1/adalib/libgnarl.a(kernel-time.o)
                0x0200d33c                kernel_delay_until
                0x0200d284                kernel_clock
                0x0200d608                kernel__time___elabb
 .text          0x0200d648       0x9c /usr/local/openravenscar/lib/gcc-lib/sparc-ork-elf/2.8.1/adalib/libgnarl.a(kernel-memory.o)
                0x0200d6a4                kernel__memory___elabb
                0x0200d650                kernel_new_stack
                0x0200d648                kernel_new_memory_region
 .text          0x0200d6e4       0x88 /usr/local/openravenscar/lib/gcc-lib/sparc-ork-elf/2.8.1/adalib/libgnarl.a(kernel-cpu_primitives.o)
                0x0200d6e4                kernel__cpu_primitives__context_switch
                0x0200d6f0                kernel__cpu_primitives__initialize_context
                0x0200d75c                kernel__cpu_primitives___elabb
 .text          0x0200d76c       0x44 /usr/local/openravenscar/lib/gcc-lib/sparc-ork-elf/2.8.1/adalib/libgnarl.a(kernel-peripherals-registers.o)
                0x0200d76c                kernel__peripherals__registers___elabs
 .text          0x0200d7b0      0x6ac /usr/local/openravenscar/lib/gcc-lib/sparc-ork-elf/2.8.1/adalib/libgnarl.a(kernel-peripherals.o)
                0x0200d7c0                kernel__peripherals__stop_watch_dog
                0x0200d7b0                kernel__peripherals__to_vector
                0x0200d7dc                kernel__peripherals__init_clock
                0x0200dda8                kernel__peripherals___elabb
                0x0200d8c0                kernel__peripherals__cancel_and_set_alarm
                0x0200d89c                kernel__peripherals__init_board
                0x0200d8d4                kernel__peripherals__set_alarm
                0x0200da48                kernel__peripherals__read_clock
                0x0200dab8                kernel__peripherals__clear_alarm_interrupt
                0x0200dce8                kernel__peripherals__uart_send
                0x0200dac0                kernel__peripherals__clear_clock_interrupt
                0x0200dbfc                kernel__peripherals__init_uart
                0x0200d7d4                kernel__peripherals__memory_configuration
                0x0200dac8                kernel__peripherals__protect_segment
                0x0200d7b8                kernel__peripherals__priority_of_interrupt
 .text          0x0200de5c       0xe4 /usr/local/openravenscar/lib/gcc-lib/sparc-ork-elf/2.8.1/adalib/libgnarl.a(kernel-serial_output.o)
                0x0200deb4                kernel_new_line
                0x0200dec8                kernel_put_line_c
                0x0200de74                kernel__serial_output__put__2
                0x0200de5c                kernel_put_c
                0x0200dee4                kernel__serial_output__put_line__2
                0x0200df14                kernel__serial_output___elabb
 .text          0x0200df40      0x2dc /usr/local/openravenscar/lib/gcc-lib/sparc-ork-elf/2.8.1/adalib/libgnarl.a(context.o)
                0x0200e214                exit_from_context_switch
                0x0200df40                context_switch
                0x0200df4c                context_trap
 .text          0x0200e21c      0x60c /usr/local/openravenscar/lib/gcc-lib/sparc-ork-elf/2.8.1/adalib/libgnarl.a(install_handler.o)
                0x0200e2d4                set_next_running
                0x0200e21c                enable_traps
                0x0200e280                install_trap_handler
                0x0200e230                install_int_handler
 .text          0x0200e828       0x34 /usr/local/openravenscar/lib/gcc-lib/sparc-ork-elf/2.8.1/adalib/libgnarl.a(int_level.o)
                0x0200e828                disable_interrupts
                0x0200e840                enable_interrupts
 .text          0x0200e85c     0x25c0 /usr/local/openravenscar/lib/gcc-lib/sparc-ork-elf/2.8.1/adalib/libgnat.a(a-except.o)
                0x020100c4                ada__exceptions__sdp_table_sort_move
                0x02010224                ada__exceptions__string_to_eid
                0x0200f8e0                __gnat_raise_nodefer_with_msg
                0x0200ea8c                ada__exceptions__current_target_exception
                0x0200fa58                ada__exceptions__raise_from_signal_handler
                0x0200e8dc                ada__exceptions__address_image
                0x0200fcdc                ada__exceptions__save_occurrence
                0x020108c0                __gnat_notify_exception
                0x0200f5a0                ada__exceptions__propagate_exception
                0x0200f414                ada__exceptions__exception_name_simple
                0x0200fc30                __gnat_reraise
                0x0200f9c0                __gnat_raise_exception
                0x0200e85c                ada__exceptions___elabs
                0x0200e9e4                __gnat_break_start
                0x0200e9d0                ada__exceptions__allocate_machine_state
                0x0200eab0                ada__exceptions__deallocate_machine_state
                0x0200ed64                ada__exceptions__exception_information
                0x0200fb90                __gnat_raise_storage_error
                0x0200eb20                ada__exceptions__eo_to_string
                0x02010028                ada__exceptions__sdp_table_sort_lt
                0x02010d34                ada__exceptions__raise_exception_no_defer
                0x0200f320                ada__exceptions__exception_name__2
                0x02010ddc                ada__exceptions__zzz
                0x0200e8cc                ada__exceptions__poll
                0x0200fbb0                ada__exceptions__raise_with_c_msg
                0x02010954                ada__exceptions__unhandled_exception_terminate
                0x0200eac4                ada__exceptions__eid_to_string
                0x0200fd70                ada__exceptions__save_occurrence__2
                0x0200fb1c                ada__exceptions__raise_with_location
                0x0200faf4                ada__exceptions__raise_no_msg
                0x0200f25c                ada__exceptions__exception_message
                0x020100f4                ada__exceptions__set_exception_c_msg
                0x0201034c                ada__exceptions__string_to_eo
                0x0200fb50                __gnat_raise_constraint_error
                0x0200fc68                ada__exceptions__reraise_occurrence
                0x02010de4                ada__exceptions___elabb
                0x02010e0c                ada__exceptions___init_proc
                0x0200f3e4                ada__exceptions__exception_name
                0x0200e8d4                ada__exceptions__aaa
                0x0200fcb0                ada__exceptions__reraise_occurrence_no_defer
                0x0200eb80                ada__exceptions__exception_identity
                0x0200fd9c                __gnat_SDP_Table_Build
                0x020108b8                __gnat_unhandled_exception
                0x0200e9ec                ada__exceptions__call_chain
                0x0200fbe4                __gnat_raise_with_msg
                0x0200fb70                __gnat_raise_program_error
 .text          0x02010e1c      0x2ec /usr/local/openravenscar/lib/gcc-lib/sparc-ork-elf/2.8.1/adalib/libgnat.a(a-filico.o)
                0x02010e68                ada__finalization__list_controller___deep_finalize__2
                0x020110d4                ada__finalization__list_controller___init_proc__2
                0x02011098                ada__finalization__list_controller__finalize
                0x02010e58                ada__finalization__list_controller___size__2
                0x020110b0                ada__finalization__list_controller___init_proc
                0x02011064                ada__finalization__list_controller__finalize__2
                0x02010e94                ada__finalization__list_controller___elabs
                0x02010e1c                ada__finalization__list_controller___size
                0x0201104c                ada__finalization__list_controller__initialize__2
                0x02010e2c                ada__finalization__list_controller___deep_finalize
 .text          0x02011108      0x560 /usr/local/openravenscar/lib/gcc-lib/sparc-ork-elf/2.8.1/adalib/libgnat.a(a-finali.o)
                0x02011368                ada__finalization___size__4
                0x020115e8                ada__finalization__initialize
                0x02011600                ada__finalization__Oeq__2
                0x02011628                ada__finalization___init_proc
                0x02011130                ada__finalization___write__3
                0x02011620                ada__finalization__finalize__2
                0x02011108                ada__finalization___size__3
                0x02011118                ada__finalization___read__3
                0x020115f0                ada__finalization__adjust
                0x02011648                ada__finalization___init_proc__2
                0x020113a4                ada__finalization___elabs
                0x020115f8                ada__finalization__finalize
                0x02011314                ada__finalization___deep_adjust
                0x02011618                ada__finalization__initialize__2
                0x02011148                ada__finalization___assign__3
                0x0201133c                ada__finalization___deep_finalize
                0x02011378                ada__finalization___deep_finalize__2
 .text          0x02011668       0x6c /usr/local/openravenscar/lib/gcc-lib/sparc-ork-elf/2.8.1/adalib/libgnat.a(a-ioexce.o)
                0x02011668                ada__io_exceptions___elabs
 .text          0x020116d4     0x1e98 /usr/local/openravenscar/lib/gcc-lib/sparc-ork-elf/2.8.1/adalib/libgnat.a(a-nuelfu.o)
                0x02013190                ada__numerics__elementary_functions__sinh
                0x02012018                ada__numerics__elementary_functions__arcsin
                0x02011e00                ada__numerics__elementary_functions__arccosh
                0x02012244                ada__numerics__elementary_functions__arcsinh
                0x020116d4                ada__numerics__elementary_functions__Oexpon
                0x02011f14                ada__numerics__elementary_functions__arccoth
                0x02011ef8                ada__numerics__elementary_functions__arccot__2
                0x020120ec                ada__numerics__elementary_functions__arcsin__2
                0x02012474                ada__numerics__elementary_functions__arctan__2
                0x02011c94                ada__numerics__elementary_functions__arccos__2
                0x02012774                ada__numerics__elementary_functions__cos
                0x0201329c                ada__numerics__elementary_functions__sqrt
                0x020133a8                ada__numerics__elementary_functions__tan__2
                0x02013094                ada__numerics__elementary_functions__sin__2
                0x02012f24                ada__numerics__elementary_functions__log__2
                0x02012978                ada__numerics__elementary_functions__cot__2
                0x020134d8                ada__numerics__elementary_functions__tanh
                0x02012ae0                ada__numerics__elementary_functions__coth
                0x02012e68                ada__numerics__elementary_functions__log
                0x02012824                ada__numerics__elementary_functions__cosh
                0x02011ee0                ada__numerics__elementary_functions__arccot
                0x02012364                ada__numerics__elementary_functions__arctan
                0x0201304c                ada__numerics__elementary_functions__sin
                0x02011b94                ada__numerics__elementary_functions__arccos
                0x020127e0                ada__numerics__elementary_functions__cos__2
                0x02013320                ada__numerics__elementary_functions__tan
                0x02012bd4                ada__numerics__elementary_functions__exp
                0x020128d0                ada__numerics__elementary_functions__cot
                0x020125e8                ada__numerics__elementary_functions__arctanh
 .text          0x0201356c       0x18 /usr/local/openravenscar/lib/gcc-lib/sparc-ork-elf/2.8.1/adalib/libgnat.a(a-numeri.o)
                0x0201356c                ada__numerics___elabs
 .text          0x02013584       0xc0 /usr/local/openravenscar/lib/gcc-lib/sparc-ork-elf/2.8.1/adalib/libgnat.a(a-stream.o)
                0x0201359c                ada__streams___elabs
                0x02013594                ada__streams___deep_finalize
                0x02013584                ada__streams___size
                0x02013634                ada__streams___init_proc
 .text          0x02013644      0x934 /usr/local/openravenscar/lib/gcc-lib/sparc-ork-elf/2.8.1/adalib/libgnat.a(a-tags.o)
                0x02013cac                ada__tags__length
                0x02013f18                ada__tags___init_proc
                0x020137b8                ada__tags__external_tag_htable__removeXn
                0x02013dd0                ada__tags__get_rc_offset
                0x02013eec                ada__tags__set_remotely_callable
                0x02013eb4                ada__tags__set_prim_op_address
                0x02013e94                ada__tags__register_tag
                0x02013e34                ada__tags__inherit_tsd
                0x02013644                ada__tags___elabs
                0x02013dac                ada__tags__get_expanded_name
                0x02013ec8                ada__tags__set_expanded_name
                0x02013ddc                ada__tags__get_remotely_callable
                0x020139d4                ada__tags__expanded_name
                0x0201365c                ada__tags__external_tag_htable__getXn
                0x02013dc4                ada__tags__get_inheritance_depth
                0x02013df4                ada__tags__get_tsd
                0x020138b0                ada__tags__external_tag_htable__setXn
                0x02013d6c                ada__tags__cw_membership
                0x02013dfc                ada__tags__inherit_dt
                0x02013704                ada__tags__external_tag_htable__get_nextXn
                0x02013adc                ada__tags__get_external_tag
                0x02013b00                ada__tags__internal_tag
                0x02013f20                ada__tags___init_proc__2
                0x02013d08                ada__tags___elabb
                0x02013ec0                ada__tags__set_tsd
                0x02013ed4                ada__tags__set_external_tag
                0x02013924                ada__tags__get_ht_link
                0x02013ce0                ada__tags__parent_size
                0x020138ec                ada__tags__equal
                0x020136d0                ada__tags__external_tag_htable__get_firstXn
                0x02013ea8                ada__tags__set_inheritance_depth
                0x02013a58                ada__tags__external_tag
                0x02013740                ada__tags__external_tag_htable__get_non_nullXn
                0x02013db8                ada__tags__get_prim_op_address
                0x02013ee0                ada__tags__set_rc_offset
                0x02013990                ada__tags__hash
                0x02013870                ada__tags__external_tag_htable__resetXn
                0x020139c8                ada__tags__set_ht_link
                0x02013f2c                ada__tags__external_tag_htable___init_procXn
 .text          0x02013f78      0x25c /usr/local/openravenscar/lib/gcc-lib/sparc-ork-elf/2.8.1/adalib/libgnat.a(g-except.o)
                0x020140c4                gnat__exceptions___deep_finalize
                0x02013f90                gnat__exceptions___write
                0x02013fcc                gnat__exceptions___output
                0x02013fec                gnat__exceptions___assign
                0x02013f98                gnat__exceptions___input
                0x020140cc                gnat__exceptions___elabs
                0x02013f88                gnat__exceptions___read
                0x02013f78                gnat__exceptions___size
                0x020141c4                gnat__exceptions___init_proc
                0x02013fe4                gnat__exceptions__Oeq
                0x020140bc                gnat__exceptions___deep_adjust
 .text          0x020141d4      0x174 /usr/local/openravenscar/lib/gcc-lib/sparc-ork-elf/2.8.1/adalib/libgnat.a(g-hesora.o)
                0x020142a4                gnat__heap_sort_a__sort
 .text          0x02014348      0xc6c /usr/local/openravenscar/lib/gcc-lib/sparc-ork-elf/2.8.1/adalib/libgnat.a(i-c.o)
                0x02014c58                interfaces__c__to_c__4
                0x02014798                interfaces__c__to_ada__6
                0x020143ac                interfaces__c__is_nul_terminated__2
                0x020143fc                interfaces__c__to_ada
                0x02014404                interfaces__c__to_ada__2
                0x020148c0                interfaces__c__to_c
                0x02014360                interfaces__c__is_nul_terminated
                0x02014e0c                interfaces__c__to_c__6
                0x02014538                interfaces__c__to_ada__3
                0x02014348                interfaces__c___elabs
                0x02014ac0                interfaces__c__to_c__3
                0x02014658                interfaces__c__to_ada__5
                0x02014c60                interfaces__c__to_c__5
                0x020148c8                interfaces__c__to_c__2
                0x02014650                interfaces__c__to_ada__4
 .text          0x02014fb4     0x13b4 /usr/local/openravenscar/lib/gcc-lib/sparc-ork-elf/2.8.1/adalib/libgnat.a(s-arit64.o)
                0x020150f0                system__arith_64__hi
                0x02015698                system__arith_64__scaled_divide
                0x02015668                system__arith_64__raise_error
                0x02015068                system__arith_64__Odivide
                0x02014fdc                system__arith_64__Oadd__2
                0x02016294                system__arith_64__subtract_with_ovflo_check
                0x0201500c                system__arith_64__Omultiply
                0x02015100                system__arith_64__lo
                0x0201503c                system__arith_64__Omultiply__2
                0x02015174                system__arith_64__double_divide
                0x02015464                system__arith_64__multiply_with_ovflo_check
                0x02016348                system__arith_64__to_pos_int
                0x02014fb4                system__arith_64__Oadd
                0x020150c0                system__arith_64__Oconcat
                0x02016310                system__arith_64__to_neg_int
                0x02015094                system__arith_64__Orem
                0x02015108                system__arith_64__add_with_ovflo_check
                0x02014ff4                system__arith_64__Osubtract
 .text          0x02016368      0x16c /usr/local/openravenscar/lib/gcc-lib/sparc-ork-elf/2.8.1/adalib/libgnat.a(s-except.o)
                0x0201638c                system__exceptions___init_proc
                0x02016368                system__exceptions___elabs
                0x02016434                system__exceptions___init_proc__4
                0x020163d4                system__exceptions___init_proc__3
                0x02016474                system__exceptions___init_proc__5
                0x02016394                system__exceptions___init_proc__2
 .text          0x020164d4      0x54c /usr/local/openravenscar/lib/gcc-lib/sparc-ork-elf/2.8.1/adalib/libgnat.a(s-exctab.o)
                0x020167e8                system__exception_table__get_key
                0x0201657c                system__exception_table__exception_htable__get_nextXn
                0x020167b0                system__exception_table__equal
                0x02016728                system__exception_table__exception_htable__setXn
                0x020169d4                system__exception_table__exception_htable___init_procXn
                0x020164d4                system__exception_table__exception_htable__getXn
                0x0201676c                system__exception_table__get_ht_link
                0x020166e8                system__exception_table__exception_htable__resetXn
                0x02016764                system__exception_table__set_ht_link
                0x020167f0                system__exception_table__internal_exception
                0x020165b8                system__exception_table__exception_htable__get_non_nullXn
                0x02016774                system__exception_table__hash
                0x02016548                system__exception_table__exception_htable__get_firstXn
                0x02016924                system__exception_table___elabb
                0x02016910                system__exception_table__register_exception
                0x02016630                system__exception_table__exception_htable__removeXn
 .text          0x02016a20      0x1c4 /usr/local/openravenscar/lib/gcc-lib/sparc-ork-elf/2.8.1/adalib/libgnat.a(s-exnflt.o)
                0x02016a20                system__exn_flt__exn_float
 .text          0x02016be4      0xb2c /usr/local/openravenscar/lib/gcc-lib/sparc-ork-elf/2.8.1/adalib/libgnat.a(s-fatflt.o)
                0x02017598                system__fat_flt__fat_float__truncation
                0x02016d28                system__fat_flt__fat_float__decompose
                0x020170bc                system__fat_flt__fat_float__model
                0x02016fc4                system__fat_flt__fat_float__floor
                0x020170d0                system__fat_flt__fat_float__pred
                0x02017398                system__fat_flt__fat_float__scaling
                0x0201704c                system__fat_flt__fat_float__leading_part
                0x02017648                system__fat_flt__fat_float__unbiased_rounding
                0x02016c3c                system__fat_flt__fat_float__ceiling
                0x02016c9c                system__fat_flt__fat_float__compose
                0x02016f9c                system__fat_flt__fat_float__exponent
                0x02017024                system__fat_flt__fat_float__fraction
                0x02016f14                system__fat_flt__fat_float__gradual_scaling
                0x02017188                system__fat_flt__fat_float__remainder
                0x02017310                system__fat_flt__fat_float__rounding
                0x02016be4                system__fat_flt__fat_float__adjacent
                0x020174b0                system__fat_flt__fat_float__succ
                0x020176f0                system__fat_flt__fat_float__valid
                0x02016ccc                system__fat_flt__fat_float__copy_sign
                0x020170a8                system__fat_flt__fat_float__machine
 .text          0x02017710     0x13dc /usr/local/openravenscar/lib/gcc-lib/sparc-ork-elf/2.8.1/adalib/libgnat.a(s-finimp.o)
                0x02018930                system__finalization_implementation__deep_tag_attach
                0x0201793c                system__finalization_implementation___read__2
                0x02017f90                system__finalization_implementation__detach_from_final_list
                0x020177d4                system__finalization_implementation___output
                0x020183ec                system__finalization_implementation__finalize_list
                0x02017a08                system__finalization_implementation__Oeq__2
                0x02018abc                system__finalization_implementation___init_proc__2
                0x02017834                system__finalization_implementation___assign
                0x020189e8                system__finalization_implementation__initialize__2
                0x02017df4                system__finalization_implementation__attach_to_final_list
                0x02018794                system__finalization_implementation__deep_tag_adjust
                0x02017a50                system__finalization_implementation___assign__2
                0x020177ec                system__finalization_implementation__Oeq
                0x0201777c                system__finalization_implementation___input
                0x02017758                system__finalization_implementation___write
                0x020186a4                system__finalization_implementation__deep_tag_initialize
                0x020189e0                system__finalization_implementation__initialize
                0x02018a98                system__finalization_implementation___init_proc
                0x02017960                system__finalization_implementation___write__2
                0x02017b50                system__finalization_implementation___elabs
                0x020179f0                system__finalization_implementation___output__2
                0x02017984                system__finalization_implementation___input__2
                0x02017720                system__finalization_implementation___read
                0x02018558                system__finalization_implementation__finalize_one
                0x02018860                system__finalization_implementation__deep_tag_finalize
                0x02018530                system__finalization_implementation__finalize_global_list
                0x02018a84                system__finalization_implementation__finalize
                0x0201792c                system__finalization_implementation___size__2
                0x02018a50                system__finalization_implementation__adjust__2
                0x02017710                system__finalization_implementation___size
 .text          0x02018aec      0x658 /usr/local/openravenscar/lib/gcc-lib/sparc-ork-elf/2.8.1/adalib/libgnat.a(s-finroo.o)
                0x02018aec                system__finalization_root___size
                0x02019120                system__finalization_root___init_proc__2
                0x02018afc                system__finalization_root___read
                0x02018e34                system__finalization_root___elabs
                0x02018cec                system__finalization_root__Oeq__2
                0x02018c7c                system__finalization_root___input__2
                0x02018b04                system__finalization_root___write
                0x02018b14                system__finalization_root___assign
                0x020190e0                system__finalization_root__finalize
                0x02018cd4                system__finalization_root___output__2
                0x02019080                system__finalization_root__initialize
                0x02018b0c                system__finalization_root__Oeq
                0x02018bf4                system__finalization_root___read__2
                0x02018c4c                system__finalization_root___write__2
                0x02018be4                system__finalization_root___size__2
                0x020190b0                system__finalization_root__adjust
                0x02018d44                system__finalization_root___assign__2
                0x02019110                system__finalization_root___init_proc
 .text          0x02019144      0x1b4 /usr/local/openravenscar/lib/gcc-lib/sparc-ork-elf/2.8.1/adalib/libgnat.a(s-imgint.o)
                0x02019280                system__img_int__set_image_integer
                0x02019144                system__img_int__image_integer
 .text          0x020192f8      0xbc8 /usr/local/openravenscar/lib/gcc-lib/sparc-ork-elf/2.8.1/adalib/libgnat.a(s-imgrea.o)
                0x020192f8                system__img_real__image_ordinary_fixed_point
                0x020199e4                system__img_real__set_image_real
                0x020193cc                system__img_real__image_floating_point
 .text          0x02019ec0      0x160 /usr/local/openravenscar/lib/gcc-lib/sparc-ork-elf/2.8.1/adalib/libgnat.a(s-imguns.o)
                0x02019ec0                system__img_uns__image_unsigned
                0x02019fe0                system__img_uns__set_image_unsigned
 .text          0x0201a020       0x40 /usr/local/openravenscar/lib/gcc-lib/sparc-ork-elf/2.8.1/adalib/libgnat.a(s-mastop.o)
                0x0201a038                system__machine_state_operations__get_code_loc
                0x0201a020                system__machine_state_operations__allocate_machine_state
                0x0201a058                system__machine_state_operations__set_signal_machine_state
                0x0201a030                system__machine_state_operations__free_machine_state
                0x0201a040                system__machine_state_operations__machine_state_length
                0x0201a028                system__machine_state_operations__enter_handler
                0x0201a050                system__machine_state_operations__set_machine_state
                0x0201a048                system__machine_state_operations__pop_frame
 .text          0x0201a060       0x50 /usr/local/openravenscar/lib/gcc-lib/sparc-ork-elf/2.8.1/adalib/libgnat.a(s-parame.o)
                0x0201a068                system__parameters__minimum_stack_size
                0x0201a070                system__parameters__adjust_storage_size
                0x0201a060                system__parameters__default_stack_size
 .text          0x0201a0b0      0x314 /usr/local/openravenscar/lib/gcc-lib/sparc-ork-elf/2.8.1/adalib/libgnat.a(s-secsta.o)
                0x0201a3bc                system__secondary_stack___init_proc__2
                0x0201a360                system__secondary_stack___elabb
                0x0201a0b0                system__secondary_stack__ss_allocate
                0x0201a2a4                system__secondary_stack__ss_free
                0x0201a340                system__secondary_stack__ss_release
                0x0201a320                system__secondary_stack__ss_mark
                0x0201a3a8                system__secondary_stack___init_proc
                0x0201a240                system__secondary_stack__ss_init
 .text          0x0201a3c4      0x1fc /usr/local/openravenscar/lib/gcc-lib/sparc-ork-elf/2.8.1/adalib/libgnat.a(s-sopco3.o)
                0x0201a3c4                system__string_ops_concat_3__str_concat_3
 .text          0x0201a5c0      0x1e4 /usr/local/openravenscar/lib/gcc-lib/sparc-ork-elf/2.8.1/adalib/libgnat.a(s-stache.o)
                0x0201a5c0                system__stack_checking___elabs
                0x0201a5d8                _gnat_stack_check
                0x0201a75c                system__stack_checking__set_stack_size
                0x0201a794                system__stack_checking___init_proc
                0x0201a664                system__stack_checking__invalidate_stack_cache
                0x0201a784                system__stack_checking__update_stack_cache
 .text          0x0201a7a4       0x28 /usr/local/openravenscar/lib/gcc-lib/sparc-ork-elf/2.8.1/adalib/libgnat.a(s-stalib.o)
                0x0201a7a4                system__standard_library__abort_undefer_direct
                0x0201a7c0                system__standard_library___init_proc
 .text          0x0201a7cc       0x64 /usr/local/openravenscar/lib/gcc-lib/sparc-ork-elf/2.8.1/adalib/libgnat.a(s-stoele.o)
                0x0201a7ec                system__storage_elements__Omod
                0x0201a820                system__storage_elements__to_address
                0x0201a7d4                system__storage_elements__Oadd__2
                0x0201a7dc                system__storage_elements__Osubtract
                0x0201a7cc                system__storage_elements__Oadd
                0x0201a828                system__storage_elements__to_integer
                0x0201a7e4                system__storage_elements__Osubtract__2
 .text          0x0201a830     0x102c /usr/local/openravenscar/lib/gcc-lib/sparc-ork-elf/2.8.1/adalib/libgnat.a(s-stratt.o)
                0x0201af48                system__stream_attributes__i_si
                0x0201b200                system__stream_attributes__w_ad
                0x0201a938                system__stream_attributes__i_b
                0x0201b2f4                system__stream_attributes__w_c
                0x0201ab10                system__stream_attributes__i_lf
                0x0201aec0                system__stream_attributes__i_sf
                0x0201b77c                system__stream_attributes__w_su
                0x0201a99c                system__stream_attributes__i_c
                0x0201ac40                system__stream_attributes__i_llf
                0x0201b088                system__stream_attributes__i_su
                0x0201ad90                system__stream_attributes__i_llu
                0x0201b678                system__stream_attributes__w_sf
                0x0201b100                system__stream_attributes__i_u
                0x0201b818                system__stream_attributes__w_wc
                0x0201a830                system__stream_attributes__i_ad
                0x0201b7c0                system__stream_attributes__w_u
                0x0201b620                system__stream_attributes__w_lu
                0x0201b2c0                system__stream_attributes__w_b
                0x0201b528                system__stream_attributes__w_lli
                0x0201b024                system__stream_attributes__i_ssu
                0x0201abb8                system__stream_attributes__i_li
                0x0201b714                system__stream_attributes__w_ssi
                0x0201b6d0                system__stream_attributes__w_si
                0x0201b3d8                system__stream_attributes__w_lf
                0x0201afc0                system__stream_attributes__i_ssi
                0x0201aa00                system__stream_attributes__i_f
                0x0201b454                system__stream_attributes__w_li
                0x0201b270                system__stream_attributes__w_as
                0x0201b380                system__stream_attributes__w_i
                0x0201aa88                system__stream_attributes__i_i
                0x0201ace8                system__stream_attributes__i_lli
                0x0201b188                system__stream_attributes__i_wc
                0x0201b4ac                system__stream_attributes__w_llf
                0x0201b748                system__stream_attributes__w_ssu
                0x0201a8a8                system__stream_attributes__i_as
                0x0201b328                system__stream_attributes__w_f
                0x0201b5a4                system__stream_attributes__w_llu
                0x0201ae38                system__stream_attributes__i_lu
 .text          0x0201b85c      0x5b8 /usr/local/openravenscar/lib/gcc-lib/sparc-ork-elf/2.8.1/adalib/libgnat.a(s-strops.o)
                0x0201bc80                system__string_ops__str_equal
                0x0201bb58                system__string_ops__str_concat_sc
                0x0201bd90                system__string_ops__str_normalize
                0x0201b85c                system__string_ops__str_concat
                0x0201ba7c                system__string_ops__str_concat_cs
                0x0201bdd0                system__string_ops__wide_str_normalize
                0x0201ba1c                system__string_ops__str_concat_cc
 .text          0x0201be14      0x298 /usr/local/openravenscar/lib/gcc-lib/sparc-ork-elf/2.8.1/adalib/libgnat.a(s-soflin.o)
                0x0201bf78                system__soft_links__set_jmpbuf_address_soft
                0x0201bee4                system__soft_links__get_stack_info_nt
                0x0201c040                system__soft_links___elabb
                0x0201bed8                system__soft_links__get_current_excep_nt
                0x0201bfe8                system__soft_links__set_exc_stack_addr_soft
                0x0201be14                system__soft_links__abort_defer_nt
                0x0201be48                system__soft_links__check_abort_status_nt
                0x0201be90                system__soft_links__get_sec_stack_addr_nt
                0x0201be84                system__soft_links__set_jmpbuf_address_nt
                0x0201be68                system__soft_links__task_lock_nt
                0x0201c024                system__soft_links__set_machine_state_addr_soft
                0x0201be58                system__soft_links__current_master_nt
                0x0201be1c                system__soft_links__abort_handler_nt
                0x0201bf14                system__soft_links__destroy_tsd
                0x0201bfcc                system__soft_links__get_exc_stack_addr_soft
                0x0201be78                system__soft_links__get_jmpbuf_address_nt
                0x0201be24                system__soft_links__abort_undefer_nt
                0x0201bef0                system__soft_links__create_tsd
                0x0201beb4                system__soft_links__set_machine_state_addr_nt
                0x0201be9c                system__soft_links__set_sec_stack_addr_nt
                0x0201be2c                system__soft_links__update_exception_nt
                0x0201becc                system__soft_links__set_exc_stack_addr_nt
                0x0201c080                system__soft_links___init_proc
                0x0201bf5c                system__soft_links__get_jmpbuf_address_soft
                0x0201be60                system__soft_links__enter_master_nt
                0x0201c008                system__soft_links__get_machine_state_addr_soft
                0x0201bfb0                system__soft_links__set_sec_stack_addr_soft
                0x0201be70                system__soft_links__task_unlock_nt
                0x0201bf38                system__soft_links__get_gnat_exception
                0x0201bf94                system__soft_links__get_sec_stack_addr_soft
                0x0201be50                system__soft_links__complete_master_nt
                0x0201bea8                system__soft_links__get_machine_state_addr_nt
                0x0201bec0                system__soft_links__get_exc_stack_addr_nt
 .text          0x0201c0ac       0x68 /usr/local/openravenscar/lib/gcc-lib/sparc-ork-elf/2.8.1/adalib/libgnat.a(s-traceb.o)
                0x0201c0c0                system__traceback__get_code_loc
                0x0201c0e8                system__traceback__pop_frame
                0x0201c0d4                system__traceback__free_machine_state
                0x0201c0ac                system__traceback__allocate_machine_state
                0x0201c100                system__traceback__set_machine_state
 .text          0x0201c114       0xfc /usr/local/openravenscar/lib/gcc-lib/sparc-ork-elf/2.8.1/adalib/libgnat.a(a-argv.o)
                0x0201c1dc                fill_env
                0x0201c180                env_count
                0x0201c1bc                len_env
                0x0201c114                arg_count
                0x0201c120                gnat_argval
                0x0201c14c                fill_arg
                0x0201c12c                len_arg
 .text          0x0201c210      0x14c /usr/local/openravenscar/lib/gcc-lib/sparc-ork-elf/2.8.1/adalib/libgnat.a(a-cio.o)
                0x0201c230                put_int
                0x0201c24c                get_char
                0x0201c210                get_int
                0x0201c33c                put_char_stderr
                0x0201c29c                put_char
 .text          0x0201c35c        0xc /usr/local/openravenscar/lib/gcc-lib/sparc-ork-elf/2.8.1/adalib/libgnat.a(a-exit.o)
                0x0201c35c                set_gnat_exit_status
 .text          0x0201c368      0x1f4 /usr/local/openravenscar/lib/gcc-lib/sparc-ork-elf/2.8.1/adalib/libgnat.a(a-raise.o)
                0x0201c368                _gnat_builtin_longjmp
                0x0201c3c0                __gnat_malloc
                0x0201c478                __gnat_free
                0x0201c3a8                __gnat_unhandled_terminate
                0x0201c4b4                __gnat_realloc
 .text          0x0201c55c      0x410 /usr/local/openravenscar/lib/gcc-lib/sparc-ork-elf/2.8.1/adalib/libgnat.a(a-init.o)
                0x0201c750                __gnat_pop_frame
                0x0201c964                __gnat_init_float
                0x0201c55c                __gnat_set_globals
                0x0201c95c                __gnat_get_code_loc
                0x0201c5b4                __gnat_initialize
                0x0201c8a0                __gnat_enter_handler
                0x0201c954                __gnat_machine_state_length
                0x0201c7f4                __gnat_set_machine_state
 .text          0x0201c96c        0x8 /usr/local/openravenscar/lib/gcc-lib/sparc-ork-elf/2.8.1/adalib/libgnat.a(a-final.o)
                0x0201c96c                __gnat_finalize
 .text          0x0201c974      0xc1c /usr/local/openravenscar/lib/gcc-lib/sparc-ork-elf/2.8.1/adalib/libgnat.a(s-fatllf.o)
                0x0201ca78                system__fat_llf__fat_long_long_float__copy_sign
                0x0201cce8                system__fat_llf__fat_long_long_float__gradual_scaling
                0x0201d4bc                system__fat_llf__fat_long_long_float__unbiased_rounding
                0x0201cd80                system__fat_llf__fat_long_long_float__exponent
                0x0201ca44                system__fat_llf__fat_long_long_float__compose
                0x0201cdac                system__fat_llf__fat_long_long_float__floor
                0x0201c974                system__fat_llf__fat_long_long_float__adjacent
                0x0201ced8                system__fat_llf__fat_long_long_float__pred
                0x0201ce18                system__fat_llf__fat_long_long_float__fraction
                0x0201cf98                system__fat_llf__fat_long_long_float__remainder
                0x0201d1e0                system__fat_llf__fat_long_long_float__scaling
                0x0201c9d8                system__fat_llf__fat_long_long_float__ceiling
                0x0201cadc                system__fat_llf__fat_long_long_float__decompose
                0x0201d308                system__fat_llf__fat_long_long_float__succ
                0x0201ce44                system__fat_llf__fat_long_long_float__leading_part
                0x0201d148                system__fat_llf__fat_long_long_float__rounding
                0x0201cec0                system__fat_llf__fat_long_long_float__model
                0x0201d568                system__fat_llf__fat_long_long_float__valid
                0x0201d3f8                system__fat_llf__fat_long_long_float__truncation
                0x0201ceac                system__fat_llf__fat_long_long_float__machine
 .text          0x0201d590      0x18c /usr/local/openravenscar/lib/gcc-lib/sparc-ork-elf/2.8.1/adalib/libgnat.a(s-imgllu.o)
                0x0201d590                system__img_llu__image_long_long_unsigned
                0x0201d6d8                system__img_llu__set_image_long_long_unsigned
 .text          0x0201d71c      0x894 /usr/local/openravenscar/lib/gcc-lib/sparc-ork-elf/2.8.1/adalib/libgnat.a(a-adaint.o)
                0x0201d8ac                get_object_suffix_ptr
                0x0201d858                Get_Default_Identifier_Character_Set
                0x0201d840                Get_Maximum_File_Name_Length
                0x0201d850                Get_File_Names_Case_Sensitive
                0x0201dac8                file_time_name
                0x0201d868                Get_Pathsep_Char
                0x0201d948                open_read
                0x0201d860                Get_Dirsep_Char
                0x0201db60                is_regular_file
                0x0201d848                Get_Switch_Character
                0x0201dd14                locate_regular_file
                0x0201df64                to_canonical_file_list_next
                0x0201df90                to_host_dir_spec
                0x0201db40                __gnat_file_exists
                0x0201da34                __gnat_mkdir
                0x0201df88                to_canonical_path_spec
                0x0201dbe0                is_writable_file
                0x0201da0c                open_new_temp
                0x0201dc14                portable_spawn
                0x0201df78                to_canonical_dir_spec
                0x0201db00                get_env_value_ptr
                0x0201dae4                file_time_fd
                0x0201dac0                readdir_is_thread_safe
                0x0201d9e4                open_new
                0x0201d71c                to_gm_time
                0x0201d790                Try_Lock
                0x0201df80                to_canonical_file_spec
                0x0201dcd0                portable_wait
                0x0201df5c                to_canonical_file_list_init
                0x0201dfa8                convert_addresses
                0x0201d8e0                get_executable_suffix_ptr
                0x0201dba0                is_directory
                0x0201d9bc                open_append
                0x0201d994                open_create
                0x0201d96c                open_rw
                0x0201da4c                file_length
                0x0201da8c                readdir_gnat
                0x0201dfa0                adjust_os_resource_limits
                0x0201dea0                locate_exec
                0x0201dc90                portable_no_block_spawn
                0x0201dd00                os_exit
                0x0201db34                Get_Libraries_From_Registry
                0x0201df70                to_canonical_file_list_free
                0x0201d870                Get_Current_Dir
                0x0201df98                to_host_file_spec
                0x0201df14                locate_exec_on_path
                0x0201d914                get_debuggable_suffix_ptr
 .text          0x0201dfb0      0x294 /usr/local/openravenscar/sparc-ork-elf/lib/libm.a(s_atan.o)
                0x0201dfb0                atan
 .text          0x0201e244       0xf0 /usr/local/openravenscar/sparc-ork-elf/lib/libm.a(s_cos.o)
                0x0201e244                cos
 .text          0x0201e334       0x2c /usr/local/openravenscar/sparc-ork-elf/lib/libm.a(s_fabs.o)
                0x0201e334                fabs
 .text          0x0201e360       0xf0 /usr/local/openravenscar/sparc-ork-elf/lib/libm.a(s_sin.o)
                0x0201e360                sin
 .text          0x0201e450       0x9c /usr/local/openravenscar/sparc-ork-elf/lib/libm.a(s_tan.o)
                0x0201e450                tan
 .text          0x0201e4ec      0x134 /usr/local/openravenscar/sparc-ork-elf/lib/libm.a(s_tanh.o)
                0x0201e4ec                tanh
 .text          0x0201e620       0xf8 /usr/local/openravenscar/sparc-ork-elf/lib/libm.a(w_acos.o)
                0x0201e620                acos
 .text          0x0201e718       0xf8 /usr/local/openravenscar/sparc-ork-elf/lib/libm.a(w_asin.o)
                0x0201e718                asin
 .text          0x0201e810      0x1c0 /usr/local/openravenscar/sparc-ork-elf/lib/libm.a(w_exp.o)
                0x0201e810                exp
 .text          0x0201e9d0      0x184 /usr/local/openravenscar/sparc-ork-elf/lib/libm.a(w_log.o)
                0x0201e9d0                log
 .text          0x0201eb54      0x60c /usr/local/openravenscar/sparc-ork-elf/lib/libm.a(w_pow.o)
                0x0201eb54                pow
 .text          0x0201f160      0x118 /usr/local/openravenscar/sparc-ork-elf/lib/libm.a(w_sqrt.o)
                0x0201f160                sqrt
 .text          0x0201f278      0x3ac /usr/local/openravenscar/sparc-ork-elf/lib/libm.a(e_acos.o)
                0x0201f278                __ieee754_acos
 .text          0x0201f624      0x340 /usr/local/openravenscar/sparc-ork-elf/lib/libm.a(e_asin.o)
                0x0201f624                __ieee754_asin
 .text          0x0201f964      0x2f0 /usr/local/openravenscar/sparc-ork-elf/lib/libm.a(e_exp.o)
                0x0201f964                __ieee754_exp
 .text          0x0201fc54      0x310 /usr/local/openravenscar/sparc-ork-elf/lib/libm.a(e_log.o)
                0x0201fc54                __ieee754_log
 .text          0x0201ff64      0x99c /usr/local/openravenscar/sparc-ork-elf/lib/libm.a(e_pow.o)
                0x0201ff64                __ieee754_pow
 .text          0x02020900      0x3d8 /usr/local/openravenscar/sparc-ork-elf/lib/libm.a(e_rem_pio2.o)
                0x02020900                __ieee754_rem_pio2
 .text          0x02020cd8      0x264 /usr/local/openravenscar/sparc-ork-elf/lib/libm.a(e_sqrt.o)
                0x02020cd8                __ieee754_sqrt
 .text          0x02020f3c      0x17c /usr/local/openravenscar/sparc-ork-elf/lib/libm.a(k_cos.o)
                0x02020f3c                __kernel_cos
 .text          0x020210b8      0x838 /usr/local/openravenscar/sparc-ork-elf/lib/libm.a(k_rem_pio2.o)
                0x020210b8                __kernel_rem_pio2
 .text          0x020218f0      0x11c /usr/local/openravenscar/sparc-ork-elf/lib/libm.a(k_sin.o)
                0x020218f0                __kernel_sin
 .text          0x02021a0c      0x2b4 /usr/local/openravenscar/sparc-ork-elf/lib/libm.a(k_tan.o)
                0x02021a0c                __kernel_tan
 .text          0x02021cc0      0x40c /usr/local/openravenscar/sparc-ork-elf/lib/libm.a(s_expm1.o)
                0x02021cc0                expm1
 .text          0x020220cc       0x18 /usr/local/openravenscar/sparc-ork-elf/lib/libm.a(s_finite.o)
                0x020220cc                finite
 .text          0x020220e4      0x1a0 /usr/local/openravenscar/sparc-ork-elf/lib/libm.a(s_floor.o)
                0x020220e4                floor
 .text          0x02022284       0x28 /usr/local/openravenscar/sparc-ork-elf/lib/libm.a(s_isnan.o)
                0x02022284                isnan
 .text          0x020222ac        0x8 /usr/local/openravenscar/sparc-ork-elf/lib/libm.a(s_matherr.o)
                0x020222ac                matherr
 .text          0x020222b4      0x1c8 /usr/local/openravenscar/sparc-ork-elf/lib/libm.a(s_rint.o)
                0x020222b4                rint
 .text          0x0202247c      0x1d8 /usr/local/openravenscar/sparc-ork-elf/lib/libm.a(s_scalbn.o)
                0x0202247c                scalbn
 .text          0x02022654       0x40 /usr/local/openravenscar/sparc-ork-elf/lib/libm.a(s_copysign.o)
                0x02022654                copysign
 .text          0x02022694        0x8 /usr/local/openravenscar/lib/gcc-lib/sparc-ork-elf/2.8.1/libgcc.a(__dummy.o)
                0x02022694                __dummy
 .text          0x0202269c       0x48 /usr/local/openravenscar/lib/gcc-lib/sparc-ork-elf/2.8.1/libgcc.a(_ashldi3.o)
                0x0202269c                __ashldi3
 .text          0x020226e4       0x38 /usr/local/openravenscar/lib/gcc-lib/sparc-ork-elf/2.8.1/libgcc.a(_cmpdi2.o)
                0x020226e4                __cmpdi2
 .text          0x0202271c      0x3c0 /usr/local/openravenscar/lib/gcc-lib/sparc-ork-elf/2.8.1/libgcc.a(_divdi3.o)
                0x0202271c                __divdi3
 .text          0x02022adc      0x1f4 /usr/local/openravenscar/lib/gcc-lib/sparc-ork-elf/2.8.1/libgcc.a(_divsi3.o)
                0x02022adc                udiv
                0x02022ae8                div
 .text          0x02022cd0       0x58 /usr/local/openravenscar/lib/gcc-lib/sparc-ork-elf/2.8.1/libgcc.a(_fixsfdi.o)
                0x02022cd0                __fixsfdi
 .text          0x02022d28      0x1c0 /usr/local/openravenscar/lib/gcc-lib/sparc-ork-elf/2.8.1/libgcc.a(_fixunsdfdi.o)
                0x02022d28                __fixunsdfdi
 .text          0x02022ee8      0x1c8 /usr/local/openravenscar/lib/gcc-lib/sparc-ork-elf/2.8.1/libgcc.a(_fixunssfdi.o)
                0x02022ee8                __fixunssfdi
 .text          0x020230b0       0x54 /usr/local/openravenscar/lib/gcc-lib/sparc-ork-elf/2.8.1/libgcc.a(_floatdidf.o)
                0x020230b0                __floatdidf
 .text          0x02023104       0xa8 /usr/local/openravenscar/lib/gcc-lib/sparc-ork-elf/2.8.1/libgcc.a(_floatdisf.o)
                0x02023104                __floatdisf
 .text          0x020231ac       0x48 /usr/local/openravenscar/lib/gcc-lib/sparc-ork-elf/2.8.1/libgcc.a(_lshrdi3.o)
                0x020231ac                __lshrdi3
 .text          0x020231f4      0x1f4 /usr/local/openravenscar/lib/gcc-lib/sparc-ork-elf/2.8.1/libgcc.a(_modsi3.o)
                0x020231f4                urem
                0x02023200                rem
 .text          0x020233e8       0xe0 /usr/local/openravenscar/lib/gcc-lib/sparc-ork-elf/2.8.1/libgcc.a(_muldi3.o)
                0x020233e8                __muldi3
 .text          0x020234c8       0xe8 /usr/local/openravenscar/lib/gcc-lib/sparc-ork-elf/2.8.1/libgcc.a(_mulsi3.o)
                0x020234c8                umul
 .text          0x020235b0      0x340 /usr/local/openravenscar/lib/gcc-lib/sparc-ork-elf/2.8.1/libgcc.a(_udivdi3.o)
                0x020235b0                __udivdi3
 .text          0x020238f0      0x39c /usr/local/openravenscar/lib/gcc-lib/sparc-ork-elf/2.8.1/libgcc.a(_umoddi3.o)
                0x020238f0                __umoddi3
 .text          0x02023c8c      0xa48 /usr/local/openravenscar/lib/gcc-lib/sparc-ork-elf/2.8.1/libgcc.a(frame.o)
                0x020245b0                __frame_state_for
                0x02024548                __deregister_frame_info
                0x02024520                __register_frame_info_table
                0x020244f8                __register_frame_info
 .text          0x020246d4       0x20 /usr/local/openravenscar/sparc-ork-elf/lib/libc.a(abort.o)
                0x020246d4                abort
 .text          0x020246f4       0x1c /usr/local/openravenscar/sparc-ork-elf/lib/libc.a(atoi.o)
                0x020246f4                atoi
 .text          0x02024710        0xc /usr/local/openravenscar/sparc-ork-elf/lib/libc.a(errno.o)
                0x02024710                __errno
 .text          0x0202471c       0x8c /usr/local/openravenscar/sparc-ork-elf/lib/libc.a(exit.o)
                0x0202471c                exit
 .text          0x020247a8       0x90 /usr/local/openravenscar/sparc-ork-elf/lib/libc.a(fputc.o)
                0x020247a8                fputc
 .text          0x02024838       0x40 /usr/local/openravenscar/sparc-ork-elf/lib/libc.a(getenv.o)
                0x02024858                getenv
                0x02024838                _findenv
 .text          0x02024878      0x100 /usr/local/openravenscar/sparc-ork-elf/lib/libc.a(getenv_r.o)
                0x02024878                _findenv_r
                0x0202495c                _getenv_r
 .text          0x02024978       0x1c /usr/local/openravenscar/sparc-ork-elf/lib/libc.a(gmtime.o)
                0x02024978                gmtime
 .text          0x02024994       0x20 /usr/local/openravenscar/sparc-ork-elf/lib/libc.a(lcltime.o)
                0x02024994                localtime
 .text          0x020249b4      0x21c /usr/local/openravenscar/sparc-ork-elf/lib/libc.a(lcltime_r.o)
                0x020249b4                localtime_r
 .text          0x02024bd0       0x38 /usr/local/openravenscar/sparc-ork-elf/lib/libc.a(malloc.o)
                0x02024bd0                malloc
                0x02024bec                free
 .text          0x02024c08      0x774 /usr/local/openravenscar/sparc-ork-elf/lib/libc.a(mallocr.o)
                0x02024dd4                _malloc_r
 .text          0x0202537c       0x80 /usr/local/openravenscar/sparc-ork-elf/lib/libc.a(memcmp.o)
                0x0202537c                memcmp
 .text          0x020253fc       0xc4 /usr/local/openravenscar/sparc-ork-elf/lib/libc.a(memcpy.o)
                0x020253fc                memcpy
 .text          0x020254c0       0xa4 /usr/local/openravenscar/sparc-ork-elf/lib/libc.a(memset.o)
                0x020254c0                memset
 .text          0x02025564       0x10 /usr/local/openravenscar/sparc-ork-elf/lib/libc.a(mlock.o)
                0x0202556c                __malloc_unlock
                0x02025564                __malloc_lock
 .text          0x02025574       0x70 /usr/local/openravenscar/sparc-ork-elf/lib/libc.a(printf.o)
                0x020255a4                printf
                0x02025574                _printf_r
 .text          0x020255e4       0x20 /usr/local/openravenscar/sparc-ork-elf/lib/libc.a(realloc.o)
                0x020255e4                realloc
 .text          0x02025604      0x50c /usr/local/openravenscar/sparc-ork-elf/lib/libc.a(reallocr.o)
                0x02025604                _realloc_r
 .text          0x02025b10       0x40 /usr/local/openravenscar/sparc-ork-elf/lib/libc.a(rget.o)
                0x02025b10                __srget
 .text          0x02025b50       0x34 /usr/local/openravenscar/sparc-ork-elf/lib/libc.a(sbrkr.o)
                0x02025b50                _sbrk_r
 .text          0x02025b84       0x64 /usr/local/openravenscar/sparc-ork-elf/lib/libc.a(scanf.o)
                0x02025bbc                _scanf_r
                0x02025b84                scanf
 .text          0x02025be8      0x24c /usr/local/openravenscar/sparc-ork-elf/lib/libc.a(signal.o)
                0x02025c44                _signal_r
                0x02025ca0                _raise_r
                0x02025d3c                __sigtramp_r
                0x02025de0                signal
                0x02025e00                _init_signal
                0x02025be8                _init_signal_r
                0x02025e18                __sigtramp
                0x02025dc4                raise
 .text          0x02025e34       0x4c /usr/local/openravenscar/sparc-ork-elf/lib/libc.a(signalr.o)
                0x02025e34                _kill_r
                0x02025e6c                _getpid_r
 .text          0x02025e80       0xb4 /usr/local/openravenscar/sparc-ork-elf/lib/libc.a(sprintf.o)
                0x02025e80                _sprintf_r
                0x02025ed4                sprintf
 .text          0x02025f34       0x8c /usr/local/openravenscar/sparc-ork-elf/lib/libc.a(strcat.o)
                0x02025f34                strcat
 .text          0x02025fc0       0xb8 /usr/local/openravenscar/sparc-ork-elf/lib/libc.a(strcmp.o)
                0x02025fc0                strcmp
 .text          0x02026078       0x8c /usr/local/openravenscar/sparc-ork-elf/lib/libc.a(strcpy.o)
                0x02026078                strcpy
 .text          0x02026104       0x78 /usr/local/openravenscar/sparc-ork-elf/lib/libc.a(strlen.o)
                0x02026104                strlen
 .text          0x0202617c       0xcc /usr/local/openravenscar/sparc-ork-elf/lib/libc.a(strncmp.o)
                0x0202617c                strncmp
 .text          0x02026248       0xd4 /usr/local/openravenscar/sparc-ork-elf/lib/libc.a(strncpy.o)
                0x02026248                strncpy
 .text          0x0202631c       0x68 /usr/local/openravenscar/sparc-ork-elf/lib/libc.a(strstr.o)
                0x0202631c                strstr
 .text          0x02026384      0x1f8 /usr/local/openravenscar/sparc-ork-elf/lib/libc.a(strtol.o)
                0x02026558                strtol
                0x02026384                _strtol_r
 .text          0x0202657c     0x19c4 /usr/local/openravenscar/sparc-ork-elf/lib/libc.a(vfprintf.o)
                0x02026680                _vfprintf_r
                0x02026660                vfprintf
 .text          0x02027f40      0xf30 /usr/local/openravenscar/sparc-ork-elf/lib/libc.a(vfscanf.o)
                0x02027f40                __svfscanf
                0x02028d90                __sccl
 .text          0x02028e70      0x10c /usr/local/openravenscar/sparc-ork-elf/lib/libc.a(wbuf.o)
                0x02028e70                __swbuf
 .text          0x02028f7c      0x10c /usr/local/openravenscar/sparc-ork-elf/lib/libc.a(wsetup.o)
                0x02028f7c                __swsetup
 .text          0x02029088       0x18 /usr/local/openravenscar/sparc-ork-elf/lib/libc.a(atof.o)
                0x02029088                atof
 .text          0x020290a0     0x1250 /usr/local/openravenscar/sparc-ork-elf/lib/libc.a(dtoa.o)
                0x0202928c                _dtoa_r
 .text          0x0202a2f0       0x10 /usr/local/openravenscar/sparc-ork-elf/lib/libc.a(envlock.o)
                0x0202a2f8                __env_unlock
                0x0202a2f0                __env_lock
 .text          0x0202a300       0xf0 /usr/local/openravenscar/sparc-ork-elf/lib/libc.a(fflush.o)
                0x0202a300                fflush
 .text          0x0202a3f0      0x228 /usr/local/openravenscar/sparc-ork-elf/lib/libc.a(findfp.o)
                0x0202a5a8                __sinit
                0x0202a44c                __sfmoreglue
                0x0202a590                _cleanup
                0x0202a574                _cleanup_r
                0x0202a4a4                __sfp
 .text          0x0202a618       0xcc /usr/local/openravenscar/sparc-ork-elf/lib/libc.a(fread.o)
                0x0202a618                fread
 .text          0x0202a6e4      0x3c0 /usr/local/openravenscar/sparc-ork-elf/lib/libc.a(freer.o)
                0x0202a6e4                _free_r
                0x0202a980                _malloc_trim_r
 .text          0x0202aaa4      0x380 /usr/local/openravenscar/sparc-ork-elf/lib/libc.a(fvwrite.o)
                0x0202aaa4                __sfvwrite
 .text          0x0202ae24       0x60 /usr/local/openravenscar/sparc-ork-elf/lib/libc.a(fwalk.o)
                0x0202ae24                _fwalk
 .text          0x0202ae84       0xa4 /usr/local/openravenscar/sparc-ork-elf/lib/libc.a(locale.o)
                0x0202ae84                _setlocale_r
                0x0202aee4                _localeconv_r
                0x0202aef0                setlocale
                0x0202af10                localeconv
 .text          0x0202af28      0x144 /usr/local/openravenscar/sparc-ork-elf/lib/libc.a(makebuf.o)
                0x0202af28                __smakebuf
 .text          0x0202b06c       0x58 /usr/local/openravenscar/sparc-ork-elf/lib/libc.a(mbtowc_r.o)
                0x0202b06c                _mbtowc_r
 .text          0x0202b0c4       0xd4 /usr/local/openravenscar/sparc-ork-elf/lib/libc.a(memchr.o)
                0x0202b0c4                memchr
 .text          0x0202b198      0x110 /usr/local/openravenscar/sparc-ork-elf/lib/libc.a(memmove.o)
                0x0202b198                memmove
 .text          0x0202b2a8      0xd14 /usr/local/openravenscar/sparc-ork-elf/lib/libc.a(mprec.o)
                0x0202bf70                _mprec_log10
                0x0202b51c                _hi0bits
                0x0202b2a8                _Balloc
                0x0202bdac                _d2b
                0x0202b68c                _multiply
                0x0202bee0                _ratio
                0x0202b45c                _s2b
                0x0202b668                _i2b
                0x0202b59c                _lo0bits
                0x0202ba5c                __mcmp
                0x0202b878                _pow5mult
                0x0202bc20                _ulp
                0x0202bcac                _b2d
                0x0202b378                _multadd
                0x0202bac4                __mdiff
                0x0202b960                _lshift
                0x0202b340                _Bfree
 .text          0x0202bfbc      0x19c /usr/local/openravenscar/sparc-ork-elf/lib/libc.a(refill.o)
                0x0202bfd0                __srefill
 .text          0x0202c158       0x38 /usr/local/openravenscar/sparc-ork-elf/lib/libc.a(s_isinf.o)
                0x0202c158                isinf
 .text          0x0202c190      0x104 /usr/local/openravenscar/sparc-ork-elf/lib/libc.a(stdio.o)
                0x0202c22c                __sseek
                0x0202c190                __sread
                0x0202c27c                __sclose
                0x0202c1dc                __swrite
 .text          0x0202c294      0xedc /usr/local/openravenscar/sparc-ork-elf/lib/libc.a(strtod.o)
                0x0202c294                _strtod_r
                0x0202d154                strtodf
                0x0202d134                strtod
 .text          0x0202d170      0x1d8 /usr/local/openravenscar/sparc-ork-elf/lib/libc.a(strtoul.o)
                0x0202d324                strtoul
                0x0202d170                _strtoul_r
 .text          0x0202d348      0x228 /usr/local/openravenscar/sparc-ork-elf/lib/libc.a(ungetc.o)
                0x0202d3f8                ungetc
                0x0202d348                __submore
 .text          0x0202d570       0x3c /usr/local/openravenscar/sparc-ork-elf/lib/libc.a(writer.o)
                0x0202d570                _write_r
 .text          0x0202d5ac       0xa8 /usr/local/openravenscar/sparc-ork-elf/lib/libc.a(callocr.o)
                0x0202d5ac                _calloc_r
 .text          0x0202d654       0x34 /usr/local/openravenscar/sparc-ork-elf/lib/libc.a(closer.o)
                0x0202d654                _close_r
 .text          0x0202d688       0x38 /usr/local/openravenscar/sparc-ork-elf/lib/libc.a(fstatr.o)
                0x0202d688                _fstat_r
 .text          0x0202d6c0       0x3c /usr/local/openravenscar/sparc-ork-elf/lib/libc.a(lseekr.o)
                0x0202d6c0                _lseek_r
 .text          0x0202d6fc       0x3c /usr/local/openravenscar/sparc-ork-elf/lib/libc.a(readr.o)
                0x0202d6fc                _read_r
 .text          0x0202d738      0x134 /usr/local/openravenscar/sparc-ork-elf/lib/libork.a(ada_exceptions.o)
                0x0202d738                Instruction_Access_Exception
                0x0202d814                Division_By_Zero
                0x0202d7e8                Stack_Overflow
                0x0202d764                Illegal_Instruction
                0x0202d840                Integer_Overflow
                0x0202d7bc                FP_Exception
                0x0202d790                Address_Not_Aligned
 .text          0x0202d86c       0x1c /usr/local/openravenscar/sparc-ork-elf/lib/libork.a(close.o)
                0x0202d86c                close
 .text          0x0202d888       0x30 /usr/local/openravenscar/sparc-ork-elf/lib/libork.a(execv.o)
                0x0202d888                execv
 .text          0x0202d8b8       0x28 /usr/local/openravenscar/sparc-ork-elf/lib/libork.a(fork.o)
                0x0202d8b8                fork
 .text          0x0202d8e0       0x30 /usr/local/openravenscar/sparc-ork-elf/lib/libork.a(fstat.o)
                0x0202d8e0                fstat
 .text          0x0202d910       0x30 /usr/local/openravenscar/sparc-ork-elf/lib/libork.a(getcwd.o)
                0x0202d910                getcwd
 .text          0x0202d940       0x30 /usr/local/openravenscar/sparc-ork-elf/lib/libork.a(getpid.o)
                0x0202d940                getpid
                0x0202d958                getppid
 .text          0x0202d970       0x84 /usr/local/openravenscar/sparc-ork-elf/lib/libork.a(isatty.o)
                0x0202d970                isatty
 .text          0x0202d9f4       0x3c /usr/local/openravenscar/sparc-ork-elf/lib/libork.a(kill.o)
                0x0202d9f4                kill
 .text          0x0202da30       0x30 /usr/local/openravenscar/sparc-ork-elf/lib/libork.a(link.o)
                0x0202da30                link
 .text          0x0202da60       0x34 /usr/local/openravenscar/sparc-ork-elf/lib/libork.a(lseek.o)
                0x0202da60                lseek
 .text          0x0202da94       0x34 /usr/local/openravenscar/sparc-ork-elf/lib/libork.a(open.o)
                0x0202da94                open
 .text          0x0202dac8      0x148 /usr/local/openravenscar/sparc-ork-elf/lib/libork.a(read.o)
                0x0202dac8                read
 .text          0x0202dc10       0x34 /usr/local/openravenscar/sparc-ork-elf/lib/libork.a(readdir.o)
                0x0202dc10                readdir
 .text          0x0202dc44       0x20 /usr/local/openravenscar/sparc-ork-elf/lib/libork.a(mkdir.o)
                0x0202dc44                mkdir
 .text          0x0202dc64       0xb0 /usr/local/openravenscar/sparc-ork-elf/lib/libork.a(sbrk.o)
                0x0202dc64                sbrk
 .text          0x0202dd14       0x30 /usr/local/openravenscar/sparc-ork-elf/lib/libork.a(stat.o)
                0x0202dd14                stat
 .text          0x0202dd44       0x2c /usr/local/openravenscar/sparc-ork-elf/lib/libork.a(unlink.o)
                0x0202dd44                unlink
 .text          0x0202dd70       0x2c /usr/local/openravenscar/sparc-ork-elf/lib/libork.a(wait.o)
                0x0202dd70                wait
 .text          0x0202dd9c       0xec /usr/local/openravenscar/sparc-ork-elf/lib/libork.a(write.o)
                0x0202dd9c                write
 *fill*         0x0202de88        0x8
                0x0202de90                .=ALIGN(0x10)
 *(.eh_frame)
 .eh_frame      0x0202de90      0x11c /usr/local/openravenscar/lib/gcc-lib/sparc-ork-elf/2.8.1/adalib/libgnat.a(a-init.o)
 .eh_frame      0x0202dfac       0x24 /usr/local/openravenscar/lib/gcc-lib/sparc-ork-elf/2.8.1/libgcc.a(__dummy.o)
 .eh_frame      0x0202dfd0       0x24 /usr/local/openravenscar/lib/gcc-lib/sparc-ork-elf/2.8.1/libgcc.a(_ashldi3.o)
 .eh_frame      0x0202dff4       0x24 /usr/local/openravenscar/lib/gcc-lib/sparc-ork-elf/2.8.1/libgcc.a(_cmpdi2.o)
 .eh_frame      0x0202e018       0x2c /usr/local/openravenscar/lib/gcc-lib/sparc-ork-elf/2.8.1/libgcc.a(_divdi3.o)
 .eh_frame      0x0202e044       0x2c /usr/local/openravenscar/lib/gcc-lib/sparc-ork-elf/2.8.1/libgcc.a(_fixsfdi.o)
 .eh_frame      0x0202e070       0x2c /usr/local/openravenscar/lib/gcc-lib/sparc-ork-elf/2.8.1/libgcc.a(_fixunsdfdi.o)
 .eh_frame      0x0202e09c       0x2c /usr/local/openravenscar/lib/gcc-lib/sparc-ork-elf/2.8.1/libgcc.a(_fixunssfdi.o)
 .eh_frame      0x0202e0c8       0x28 /usr/local/openravenscar/lib/gcc-lib/sparc-ork-elf/2.8.1/libgcc.a(_floatdidf.o)
 .eh_frame      0x0202e0f0       0x28 /usr/local/openravenscar/lib/gcc-lib/sparc-ork-elf/2.8.1/libgcc.a(_floatdisf.o)
 .eh_frame      0x0202e118       0x24 /usr/local/openravenscar/lib/gcc-lib/sparc-ork-elf/2.8.1/libgcc.a(_lshrdi3.o)
 .eh_frame      0x0202e13c       0x2c /usr/local/openravenscar/lib/gcc-lib/sparc-ork-elf/2.8.1/libgcc.a(_muldi3.o)
 .eh_frame      0x0202e168       0x2c /usr/local/openravenscar/lib/gcc-lib/sparc-ork-elf/2.8.1/libgcc.a(_udivdi3.o)
 .eh_frame      0x0202e194       0x2c /usr/local/openravenscar/lib/gcc-lib/sparc-ork-elf/2.8.1/libgcc.a(_umoddi3.o)
 .eh_frame      0x0202e1c0      0x11c /usr/local/openravenscar/lib/gcc-lib/sparc-ork-elf/2.8.1/libgcc.a(frame.o)
 *fill*         0x0202e2dc        0x4
                0x0202e2e0                .=ALIGN(0x10)
 *(.rodata)
 .rodata        0x0202e2e0        0xe ./testing_1.o
 *fill*         0x0202e2ee        0x2
 .rodata        0x0202e2f0      0x1c0 ./devicesfss_v1.o
 .rodata        0x0202e4b0       0xf1 ./fss.o
 *fill*         0x0202e5a1        0x7
 .rodata        0x0202e5a8       0x4c ./workload.o
 *fill*         0x0202e5f4        0x4
 .rodata        0x0202e5f8       0x6c ./tools.o
 .rodata        0x0202e664        0x8 /usr/local/openravenscar/lib/gcc-lib/sparc-ork-elf/2.8.1/adalib/libgnarl.a(a-reatim.o)
 .rodata        0x0202e66c        0x8 /usr/local/openravenscar/lib/gcc-lib/sparc-ork-elf/2.8.1/adalib/libgnarl.a(a-retide.o)
 *fill*         0x0202e674        0x4
 .rodata        0x0202e678       0x24 /usr/local/openravenscar/lib/gcc-lib/sparc-ork-elf/2.8.1/adalib/libgnarl.a(s-taprob.o)
 *fill*         0x0202e69c        0x4
 .rodata        0x0202e6a0       0xd0 /usr/local/openravenscar/lib/gcc-lib/sparc-ork-elf/2.8.1/adalib/libgnarl.a(s-taprop.o)
 .rodata        0x0202e770       0x50 /usr/local/openravenscar/lib/gcc-lib/sparc-ork-elf/2.8.1/adalib/libgnarl.a(s-tarest.o)
 .rodata        0x0202e7c0      0x14a /usr/local/openravenscar/lib/gcc-lib/sparc-ork-elf/2.8.1/adalib/libgnarl.a(s-tasdeb.o)
 *fill*         0x0202e90a        0x2